This is pdfTeX, Version 3.141592653-2.6-1.40.29 (TeX Live 2026) (preloaded format=pdflatex 2026.5.28)  11 JUN 2026 15:45
entering extended mode
 restricted \write18 enabled.
 %&-line parsing enabled.
**main.tex
(./main.tex
LaTeX2e <2025-11-01>
L3 programming layer <2026-01-19>
(/usr/local/texlive/2026basic/texmf-dist/tex/latex/base/article.cls
Document Class: article 2025/01/22 v1.4n Standard LaTeX document class
(/usr/local/texlive/2026basic/texmf-dist/tex/latex/base/size11.clo
File: size11.clo 2025/01/22 v1.4n Standard LaTeX file (size option)
)
\c@part=\count275
\c@section=\count276
\c@subsection=\count277
\c@subsubsection=\count278
\c@paragraph=\count279
\c@subparagraph=\count280
\c@figure=\count281
\c@table=\count282
\abovecaptionskip=\skip49
\belowcaptionskip=\skip50
\bibindent=\dimen148
)
(/usr/local/texlive/2026basic/texmf-dist/tex/latex/base/inputenc.sty
Package: inputenc 2024/02/08 v1.3d Input encoding file
\inpenc@prehook=\toks17
\inpenc@posthook=\toks18
)
(/usr/local/texlive/2026basic/texmf-dist/tex/latex/base/fontenc.sty
Package: fontenc 2025/07/18 v2.1d Standard LaTeX package
)
(/usr/local/texlive/2026basic/texmf-dist/tex/generic/babel/babel.sty
Package: babel 2026/02/14 v26.3 The multilingual framework for LuaLaTeX, pdfLaT
eX and XeLaTeX
\babel@savecnt=\count283
LaTeX Encoding Info:    Redeclaring text command \ij (encoding OT1) on input li
ne 2078.
LaTeX Encoding Info:    Redeclaring text command \IJ (encoding OT1) on input li
ne 2080.
LaTeX Encoding Info:    Redeclaring text command \ij (encoding T1) on input lin
e 2082.
LaTeX Encoding Info:    Redeclaring text command \IJ (encoding T1) on input lin
e 2083.
LaTeX Encoding Info:    Ignoring declaration for text command \ij (encoding ?) 
on input line 2084.
LaTeX Encoding Info:    Ignoring declaration for text command \IJ (encoding ?) 
on input line 2086.
LaTeX Encoding Info:    Ignoring declaration for text command \SS (encoding ?) 
on input line 2111.
\U@D=\dimen149
\l@unhyphenated=\language23

(/usr/local/texlive/2026basic/texmf-dist/tex/generic/babel/txtbabel.def)
\bbl@readstream=\read2
\bbl@dirlevel=\count284

(/usr/local/texlive/2026basic/texmf-dist/tex/generic/babel/locale/no/babel-nors
k.tex)
Package babel Info: Importing font and identification data for norsk
(babel)             from babel-no.ini. Reported on input line 4330.

(/usr/local/texlive/2026basic/texmf-dist/tex/generic/babel-norsk/norsk.ldf
Language: norsk 2024/03/18 v2.0k Norwegian support from the babel system

(/usr/local/texlive/2026basic/texmf-dist/tex/generic/babel-norsk/norwegian.ldf
Language: norwegian 2024/03/18 v2.0k Norwegian support from the babel system
Package babel Info: Making " an active character on input line 113.
))) (/usr/local/texlive/2026basic/texmf-dist/tex/latex/lm/lmodern.sty
Package: lmodern 2015/05/01 v1.6.1 Latin Modern Fonts
LaTeX Font Info:    Overwriting symbol font `operators' in version `normal'
(Font)                  OT1/cmr/m/n --> OT1/lmr/m/n on input line 22.
LaTeX Font Info:    Overwriting symbol font `letters' in version `normal'
(Font)                  OML/cmm/m/it --> OML/lmm/m/it on input line 23.
LaTeX Font Info:    Overwriting symbol font `symbols' in version `normal'
(Font)                  OMS/cmsy/m/n --> OMS/lmsy/m/n on input line 24.
LaTeX Font Info:    Overwriting symbol font `largesymbols' in version `normal'
(Font)                  OMX/cmex/m/n --> OMX/lmex/m/n on input line 25.
LaTeX Font Info:    Overwriting symbol font `operators' in version `bold'
(Font)                  OT1/cmr/bx/n --> OT1/lmr/bx/n on input line 26.
LaTeX Font Info:    Overwriting symbol font `letters' in version `bold'
(Font)                  OML/cmm/b/it --> OML/lmm/b/it on input line 27.
LaTeX Font Info:    Overwriting symbol font `symbols' in version `bold'
(Font)                  OMS/cmsy/b/n --> OMS/lmsy/b/n on input line 28.
LaTeX Font Info:    Overwriting symbol font `largesymbols' in version `bold'
(Font)                  OMX/cmex/m/n --> OMX/lmex/m/n on input line 29.
LaTeX Font Info:    Overwriting math alphabet `\mathbf' in version `normal'
(Font)                  OT1/cmr/bx/n --> OT1/lmr/bx/n on input line 31.
LaTeX Font Info:    Overwriting math alphabet `\mathsf' in version `normal'
(Font)                  OT1/cmss/m/n --> OT1/lmss/m/n on input line 32.
LaTeX Font Info:    Overwriting math alphabet `\mathit' in version `normal'
(Font)                  OT1/cmr/m/it --> OT1/lmr/m/it on input line 33.
LaTeX Font Info:    Overwriting math alphabet `\mathtt' in version `normal'
(Font)                  OT1/cmtt/m/n --> OT1/lmtt/m/n on input line 34.
LaTeX Font Info:    Overwriting math alphabet `\mathbf' in version `bold'
(Font)                  OT1/cmr/bx/n --> OT1/lmr/bx/n on input line 35.
LaTeX Font Info:    Overwriting math alphabet `\mathsf' in version `bold'
(Font)                  OT1/cmss/bx/n --> OT1/lmss/bx/n on input line 36.
LaTeX Font Info:    Overwriting math alphabet `\mathit' in version `bold'
(Font)                  OT1/cmr/bx/it --> OT1/lmr/bx/it on input line 37.
LaTeX Font Info:    Overwriting math alphabet `\mathtt' in version `bold'
(Font)                  OT1/cmtt/m/n --> OT1/lmtt/m/n on input line 38.
)
(/usr/local/texlive/2026basic/texmf-dist/tex/latex/geometry/geometry.sty
Package: geometry 2020/01/02 v5.9 Page Geometry

(/usr/local/texlive/2026basic/texmf-dist/tex/latex/graphics/keyval.sty
Package: keyval 2022/05/29 v1.15 key=value parser (DPC)
\KV@toks@=\toks19
)
(/usr/local/texlive/2026basic/texmf-dist/tex/generic/iftex/ifvtex.sty
Package: ifvtex 2019/10/25 v1.7 ifvtex legacy package. Use iftex instead.

(/usr/local/texlive/2026basic/texmf-dist/tex/generic/iftex/iftex.sty
Package: iftex 2024/12/12 v1.0g TeX engine tests
))
\Gm@cnth=\count285
\Gm@cntv=\count286
\c@Gm@tempcnt=\count287
\Gm@bindingoffset=\dimen150
\Gm@wd@mp=\dimen151
\Gm@odd@mp=\dimen152
\Gm@even@mp=\dimen153
\Gm@layoutwidth=\dimen154
\Gm@layoutheight=\dimen155
\Gm@layouthoffset=\dimen156
\Gm@layoutvoffset=\dimen157
\Gm@dimlist=\toks20
)
(/usr/local/texlive/2026basic/texmf-dist/tex/latex/parskip/parskip.sty
Package: parskip 2021-03-14 v2.0h non-zero parskip adjustments

(/usr/local/texlive/2026basic/texmf-dist/tex/latex/kvoptions/kvoptions.sty
Package: kvoptions 2022-06-15 v3.15 Key value format for package options (HO)

(/usr/local/texlive/2026basic/texmf-dist/tex/generic/ltxcmds/ltxcmds.sty
Package: ltxcmds 2023-12-04 v1.26 LaTeX kernel commands for general use (HO)
)
(/usr/local/texlive/2026basic/texmf-dist/tex/latex/kvsetkeys/kvsetkeys.sty
Package: kvsetkeys 2022-10-05 v1.19 Key value parser (HO)
))
(/usr/local/texlive/2026basic/texmf-dist/tex/latex/etoolbox/etoolbox.sty
Package: etoolbox 2025/10/02 v2.5m e-TeX tools for LaTeX (JAW)
\etb@tempcnta=\count288
))
(/usr/local/texlive/2026basic/texmf-dist/tex/latex/enumitem/enumitem.sty
Package: enumitem 2025/02/06 v3.11 Customized lists
\labelindent=\skip51
\enit@outerparindent=\dimen158
\enit@toks=\toks21
\enit@inbox=\box53
\enit@count@id=\count289
\enitdp@description=\count290
)
(/usr/local/texlive/2026basic/texmf-dist/tex/latex/graphics/graphicx.sty
Package: graphicx 2024/12/31 v1.2e Enhanced LaTeX Graphics (DPC,SPQR)

(/usr/local/texlive/2026basic/texmf-dist/tex/latex/graphics/graphics.sty
Package: graphics 2024/08/06 v1.4g Standard LaTeX Graphics (DPC,SPQR)

(/usr/local/texlive/2026basic/texmf-dist/tex/latex/graphics/trig.sty
Package: trig 2023/12/02 v1.11 sin cos tan (DPC)
)
(/usr/local/texlive/2026basic/texmf-dist/tex/latex/graphics-cfg/graphics.cfg
File: graphics.cfg 2016/06/04 v1.11 sample graphics configuration
)
Package graphics Info: Driver file: pdftex.def on input line 106.

(/usr/local/texlive/2026basic/texmf-dist/tex/latex/graphics-def/pdftex.def
File: pdftex.def 2025/09/29 v1.2d Graphics/color driver for pdftex
))
\Gin@req@height=\dimen159
\Gin@req@width=\dimen160
)
(/usr/local/texlive/2026basic/texmf-dist/tex/latex/float/float.sty
Package: float 2001/11/08 v1.3d Float enhancements (AL)
\c@float@type=\count291
\float@exts=\toks22
\float@box=\box54
\@float@everytoks=\toks23
\@floatcapt=\box55
)
(/usr/local/texlive/2026basic/texmf-dist/tex/latex/xcolor/xcolor.sty
Package: xcolor 2024/09/29 v3.02 LaTeX color extensions (UK)

(/usr/local/texlive/2026basic/texmf-dist/tex/latex/graphics-cfg/color.cfg
File: color.cfg 2016/01/02 v1.6 sample color configuration
)
Package xcolor Info: Driver file: pdftex.def on input line 274.

(/usr/local/texlive/2026basic/texmf-dist/tex/latex/graphics/mathcolor.ltx)
Package xcolor Info: Model `cmy' substituted by `cmy0' on input line 1349.
Package xcolor Info: Model `hsb' substituted by `rgb' on input line 1353.
Package xcolor Info: Model `RGB' extended on input line 1365.
Package xcolor Info: Model `HTML' substituted by `rgb' on input line 1367.
Package xcolor Info: Model `Hsb' substituted by `hsb' on input line 1368.
Package xcolor Info: Model `tHsb' substituted by `hsb' on input line 1369.
Package xcolor Info: Model `HSB' substituted by `hsb' on input line 1370.
Package xcolor Info: Model `Gray' substituted by `gray' on input line 1371.
Package xcolor Info: Model `wave' substituted by `hsb' on input line 1372.
)
(/usr/local/texlive/2026basic/texmf-dist/tex/latex/tcolorbox/tcolorbox.sty
Package: tcolorbox 2025/11/28 version 6.9.0 text color boxes

(/usr/local/texlive/2026basic/texmf-dist/tex/latex/pgf/frontendlayer/tikz.sty
(/usr/local/texlive/2026basic/texmf-dist/tex/latex/pgf/basiclayer/pgf.sty
(/usr/local/texlive/2026basic/texmf-dist/tex/latex/pgf/utilities/pgfrcs.sty
(/usr/local/texlive/2026basic/texmf-dist/tex/generic/pgf/utilities/pgfutil-comm
on.tex
\pgfutil@everybye=\toks24
\pgfutil@tempdima=\dimen161
\pgfutil@tempdimb=\dimen162
)
(/usr/local/texlive/2026basic/texmf-dist/tex/generic/pgf/utilities/pgfutil-late
x.def
\pgfutil@abb=\box56
)
(/usr/local/texlive/2026basic/texmf-dist/tex/generic/pgf/utilities/pgfrcs.code.
tex (/usr/local/texlive/2026basic/texmf-dist/tex/generic/pgf/pgf.revision.tex)
Package: pgfrcs 2025-08-29 v3.1.11a (3.1.11a)
))
Package: pgf 2025-08-29 v3.1.11a (3.1.11a)
 (/usr/local/texlive/2026basic/texmf-dist/tex/latex/pgf/basiclayer/pgfcore.sty 
(/usr/local/texlive/2026basic/texmf-dist/tex/latex/pgf/systemlayer/pgfsys.sty
(/usr/local/texlive/2026basic/texmf-dist/tex/generic/pgf/systemlayer/pgfsys.cod
e.tex
Package: pgfsys 2025-08-29 v3.1.11a (3.1.11a)

(/usr/local/texlive/2026basic/texmf-dist/tex/generic/pgf/utilities/pgfkeys.code
.tex
\pgfkeys@pathtoks=\toks25
\pgfkeys@temptoks=\toks26

(/usr/local/texlive/2026basic/texmf-dist/tex/generic/pgf/utilities/pgfkeyslibra
ryfiltered.code.tex
\pgfkeys@tmptoks=\toks27
))
\pgf@x=\dimen163
\pgf@y=\dimen164
\pgf@xa=\dimen165
\pgf@ya=\dimen166
\pgf@xb=\dimen167
\pgf@yb=\dimen168
\pgf@xc=\dimen169
\pgf@yc=\dimen170
\pgf@xd=\dimen171
\pgf@yd=\dimen172
\w@pgf@writea=\write3
\r@pgf@reada=\read3
\c@pgf@counta=\count292
\c@pgf@countb=\count293
\c@pgf@countc=\count294
\c@pgf@countd=\count295
\t@pgf@toka=\toks28
\t@pgf@tokb=\toks29
\t@pgf@tokc=\toks30
\pgf@sys@id@count=\count296

(/usr/local/texlive/2026basic/texmf-dist/tex/generic/pgf/systemlayer/pgf.cfg
File: pgf.cfg 2025-08-29 v3.1.11a (3.1.11a)
)
Driver file for pgf: pgfsys-pdftex.def

(/usr/local/texlive/2026basic/texmf-dist/tex/generic/pgf/systemlayer/pgfsys-pdf
tex.def
File: pgfsys-pdftex.def 2025-08-29 v3.1.11a (3.1.11a)

(/usr/local/texlive/2026basic/texmf-dist/tex/generic/pgf/systemlayer/pgfsys-com
mon-pdf.def
File: pgfsys-common-pdf.def 2025-08-29 v3.1.11a (3.1.11a)
)))
(/usr/local/texlive/2026basic/texmf-dist/tex/generic/pgf/systemlayer/pgfsyssoft
path.code.tex
File: pgfsyssoftpath.code.tex 2025-08-29 v3.1.11a (3.1.11a)
\pgfsyssoftpath@smallbuffer@items=\count297
\pgfsyssoftpath@bigbuffer@items=\count298
)
(/usr/local/texlive/2026basic/texmf-dist/tex/generic/pgf/systemlayer/pgfsysprot
ocol.code.tex
File: pgfsysprotocol.code.tex 2025-08-29 v3.1.11a (3.1.11a)
))
(/usr/local/texlive/2026basic/texmf-dist/tex/generic/pgf/basiclayer/pgfcore.cod
e.tex
Package: pgfcore 2025-08-29 v3.1.11a (3.1.11a)

(/usr/local/texlive/2026basic/texmf-dist/tex/generic/pgf/math/pgfmath.code.tex
(/usr/local/texlive/2026basic/texmf-dist/tex/generic/pgf/math/pgfmathutil.code.
tex)
(/usr/local/texlive/2026basic/texmf-dist/tex/generic/pgf/math/pgfmathparser.cod
e.tex
\pgfmath@dimen=\dimen173
\pgfmath@count=\count299
\pgfmath@box=\box57
\pgfmath@toks=\toks31
\pgfmath@stack@operand=\toks32
\pgfmath@stack@operation=\toks33
)
(/usr/local/texlive/2026basic/texmf-dist/tex/generic/pgf/math/pgfmathfunctions.
code.tex)
(/usr/local/texlive/2026basic/texmf-dist/tex/generic/pgf/math/pgfmathfunctions.
basic.code.tex)
(/usr/local/texlive/2026basic/texmf-dist/tex/generic/pgf/math/pgfmathfunctions.
trigonometric.code.tex)
(/usr/local/texlive/2026basic/texmf-dist/tex/generic/pgf/math/pgfmathfunctions.
random.code.tex)
(/usr/local/texlive/2026basic/texmf-dist/tex/generic/pgf/math/pgfmathfunctions.
comparison.code.tex)
(/usr/local/texlive/2026basic/texmf-dist/tex/generic/pgf/math/pgfmathfunctions.
base.code.tex)
(/usr/local/texlive/2026basic/texmf-dist/tex/generic/pgf/math/pgfmathfunctions.
round.code.tex)
(/usr/local/texlive/2026basic/texmf-dist/tex/generic/pgf/math/pgfmathfunctions.
misc.code.tex)
(/usr/local/texlive/2026basic/texmf-dist/tex/generic/pgf/math/pgfmathfunctions.
integerarithmetics.code.tex)
(/usr/local/texlive/2026basic/texmf-dist/tex/generic/pgf/math/pgfmathcalc.code.
tex)
(/usr/local/texlive/2026basic/texmf-dist/tex/generic/pgf/math/pgfmathfloat.code
.tex
\c@pgfmathroundto@lastzeros=\count300
))
(/usr/local/texlive/2026basic/texmf-dist/tex/generic/pgf/math/pgfint.code.tex)
(/usr/local/texlive/2026basic/texmf-dist/tex/generic/pgf/basiclayer/pgfcorepoin
ts.code.tex
File: pgfcorepoints.code.tex 2025-08-29 v3.1.11a (3.1.11a)
\pgf@picminx=\dimen174
\pgf@picmaxx=\dimen175
\pgf@picminy=\dimen176
\pgf@picmaxy=\dimen177
\pgf@pathminx=\dimen178
\pgf@pathmaxx=\dimen179
\pgf@pathminy=\dimen180
\pgf@pathmaxy=\dimen181
\pgf@xx=\dimen182
\pgf@xy=\dimen183
\pgf@yx=\dimen184
\pgf@yy=\dimen185
\pgf@zx=\dimen186
\pgf@zy=\dimen187
)
(/usr/local/texlive/2026basic/texmf-dist/tex/generic/pgf/basiclayer/pgfcorepath
construct.code.tex
File: pgfcorepathconstruct.code.tex 2025-08-29 v3.1.11a (3.1.11a)
\pgf@path@lastx=\dimen188
\pgf@path@lasty=\dimen189
)
(/usr/local/texlive/2026basic/texmf-dist/tex/generic/pgf/basiclayer/pgfcorepath
usage.code.tex
File: pgfcorepathusage.code.tex 2025-08-29 v3.1.11a (3.1.11a)
\pgf@shorten@end@additional=\dimen190
\pgf@shorten@start@additional=\dimen191
)
(/usr/local/texlive/2026basic/texmf-dist/tex/generic/pgf/basiclayer/pgfcorescop
es.code.tex
File: pgfcorescopes.code.tex 2025-08-29 v3.1.11a (3.1.11a)
\pgfpic=\box58
\pgf@hbox=\box59
\pgf@layerbox@main=\box60
\pgf@picture@serial@count=\count301
)
(/usr/local/texlive/2026basic/texmf-dist/tex/generic/pgf/basiclayer/pgfcoregrap
hicstate.code.tex
File: pgfcoregraphicstate.code.tex 2025-08-29 v3.1.11a (3.1.11a)
\pgflinewidth=\dimen192
)
(/usr/local/texlive/2026basic/texmf-dist/tex/generic/pgf/basiclayer/pgfcoretran
sformations.code.tex
File: pgfcoretransformations.code.tex 2025-08-29 v3.1.11a (3.1.11a)
\pgf@pt@x=\dimen193
\pgf@pt@y=\dimen194
\pgf@pt@temp=\dimen195
)
(/usr/local/texlive/2026basic/texmf-dist/tex/generic/pgf/basiclayer/pgfcorequic
k.code.tex
File: pgfcorequick.code.tex 2025-08-29 v3.1.11a (3.1.11a)
)
(/usr/local/texlive/2026basic/texmf-dist/tex/generic/pgf/basiclayer/pgfcoreobje
cts.code.tex
File: pgfcoreobjects.code.tex 2025-08-29 v3.1.11a (3.1.11a)
)
(/usr/local/texlive/2026basic/texmf-dist/tex/generic/pgf/basiclayer/pgfcorepath
processing.code.tex
File: pgfcorepathprocessing.code.tex 2025-08-29 v3.1.11a (3.1.11a)
)
(/usr/local/texlive/2026basic/texmf-dist/tex/generic/pgf/basiclayer/pgfcorearro
ws.code.tex
File: pgfcorearrows.code.tex 2025-08-29 v3.1.11a (3.1.11a)
\pgfarrowsep=\dimen196
)
(/usr/local/texlive/2026basic/texmf-dist/tex/generic/pgf/basiclayer/pgfcoreshad
e.code.tex
File: pgfcoreshade.code.tex 2025-08-29 v3.1.11a (3.1.11a)
\pgf@max=\dimen197
\pgf@sys@shading@range@num=\count302
\pgf@shadingcount=\count303
)
(/usr/local/texlive/2026basic/texmf-dist/tex/generic/pgf/basiclayer/pgfcoreimag
e.code.tex
File: pgfcoreimage.code.tex 2025-08-29 v3.1.11a (3.1.11a)
)
(/usr/local/texlive/2026basic/texmf-dist/tex/generic/pgf/basiclayer/pgfcoreexte
rnal.code.tex
File: pgfcoreexternal.code.tex 2025-08-29 v3.1.11a (3.1.11a)
\pgfexternal@startupbox=\box61
)
(/usr/local/texlive/2026basic/texmf-dist/tex/generic/pgf/basiclayer/pgfcorelaye
rs.code.tex
File: pgfcorelayers.code.tex 2025-08-29 v3.1.11a (3.1.11a)
)
(/usr/local/texlive/2026basic/texmf-dist/tex/generic/pgf/basiclayer/pgfcoretran
sparency.code.tex
File: pgfcoretransparency.code.tex 2025-08-29 v3.1.11a (3.1.11a)
)
(/usr/local/texlive/2026basic/texmf-dist/tex/generic/pgf/basiclayer/pgfcorepatt
erns.code.tex
File: pgfcorepatterns.code.tex 2025-08-29 v3.1.11a (3.1.11a)
)
(/usr/local/texlive/2026basic/texmf-dist/tex/generic/pgf/basiclayer/pgfcorerdf.
code.tex
File: pgfcorerdf.code.tex 2025-08-29 v3.1.11a (3.1.11a)
)))
(/usr/local/texlive/2026basic/texmf-dist/tex/generic/pgf/modules/pgfmoduleshape
s.code.tex
File: pgfmoduleshapes.code.tex 2025-08-29 v3.1.11a (3.1.11a)
\pgfnodeparttextbox=\box62
)
(/usr/local/texlive/2026basic/texmf-dist/tex/generic/pgf/modules/pgfmoduleplot.
code.tex
File: pgfmoduleplot.code.tex 2025-08-29 v3.1.11a (3.1.11a)
)
(/usr/local/texlive/2026basic/texmf-dist/tex/latex/pgf/compatibility/pgfcomp-ve
rsion-0-65.sty
Package: pgfcomp-version-0-65 2025-08-29 v3.1.11a (3.1.11a)
\pgf@nodesepstart=\dimen198
\pgf@nodesepend=\dimen199
)
(/usr/local/texlive/2026basic/texmf-dist/tex/latex/pgf/compatibility/pgfcomp-ve
rsion-1-18.sty
Package: pgfcomp-version-1-18 2025-08-29 v3.1.11a (3.1.11a)
))
(/usr/local/texlive/2026basic/texmf-dist/tex/latex/pgf/utilities/pgffor.sty
(/usr/local/texlive/2026basic/texmf-dist/tex/latex/pgf/utilities/pgfkeys.sty
(/usr/local/texlive/2026basic/texmf-dist/tex/generic/pgf/utilities/pgfkeys.code
.tex)) (/usr/local/texlive/2026basic/texmf-dist/tex/latex/pgf/math/pgfmath.sty
(/usr/local/texlive/2026basic/texmf-dist/tex/generic/pgf/math/pgfmath.code.tex)
)
(/usr/local/texlive/2026basic/texmf-dist/tex/generic/pgf/utilities/pgffor.code.
tex
Package: pgffor 2025-08-29 v3.1.11a (3.1.11a)
\pgffor@iter=\dimen256
\pgffor@skip=\dimen257
\pgffor@stack=\toks34
\pgffor@toks=\toks35
))
(/usr/local/texlive/2026basic/texmf-dist/tex/generic/pgf/frontendlayer/tikz/tik
z.code.tex
Package: tikz 2025-08-29 v3.1.11a (3.1.11a)

(/usr/local/texlive/2026basic/texmf-dist/tex/generic/pgf/libraries/pgflibrarypl
othandlers.code.tex
File: pgflibraryplothandlers.code.tex 2025-08-29 v3.1.11a (3.1.11a)
\pgf@plot@mark@count=\count304
\pgfplotmarksize=\dimen258
)
\tikz@lastx=\dimen259
\tikz@lasty=\dimen260
\tikz@lastxsaved=\dimen261
\tikz@lastysaved=\dimen262
\tikz@lastmovetox=\dimen263
\tikz@lastmovetoy=\dimen264
\tikzleveldistance=\dimen265
\tikzsiblingdistance=\dimen266
\tikz@figbox=\box63
\tikz@figbox@bg=\box64
\tikz@tempbox=\box65
\tikz@tempbox@bg=\box66
\tikztreelevel=\count305
\tikznumberofchildren=\count306
\tikznumberofcurrentchild=\count307
\tikz@fig@count=\count308

(/usr/local/texlive/2026basic/texmf-dist/tex/generic/pgf/modules/pgfmodulematri
x.code.tex
File: pgfmodulematrix.code.tex 2025-08-29 v3.1.11a (3.1.11a)
\pgfmatrixcurrentrow=\count309
\pgfmatrixcurrentcolumn=\count310
\pgf@matrix@numberofcolumns=\count311
)
\tikz@expandcount=\count312

(/usr/local/texlive/2026basic/texmf-dist/tex/generic/pgf/frontendlayer/tikz/lib
raries/tikzlibrarytopaths.code.tex
File: tikzlibrarytopaths.code.tex 2025-08-29 v3.1.11a (3.1.11a)
)))
(/usr/local/texlive/2026basic/texmf-dist/tex/latex/tools/verbatim.sty
Package: verbatim 2024-01-22 v1.5x LaTeX2e package for verbatim enhancements
\every@verbatim=\toks36
\verbatim@line=\toks37
\verbatim@in@stream=\read4
)
(/usr/local/texlive/2026basic/texmf-dist/tex/latex/environ/environ.sty
Package: environ 2014/05/04 v0.3 A new way to define environments

(/usr/local/texlive/2026basic/texmf-dist/tex/latex/trimspaces/trimspaces.sty
Package: trimspaces 2009/09/17 v1.1 Trim spaces around a token list
)
\@envbody=\toks38
)
\tcb@titlebox=\box67
\tcb@upperbox=\box68
\tcb@lowerbox=\box69
\tcb@phantombox=\box70
\c@tcbbreakpart=\count313
\c@tcblayer=\count314
\c@tcolorbox@number=\count315
\l__tcobox_tmpa_box=\box71
\l__tcobox_tmpa_dim=\dimen267
\tcb@temp=\box72
\tcb@temp=\box73
\tcb@temp=\box74
\tcb@temp=\box75

(/usr/local/texlive/2026basic/texmf-dist/tex/latex/tcolorbox/tcbraster.code.tex
Library (tcolorbox): 'tcbraster.code.tex' version '6.9.0'
\c@tcbrastercolumn=\count316
\c@tcbrasterrow=\count317
\c@tcbrasternum=\count318
\c@tcbraster=\count319
)
(/usr/local/texlive/2026basic/texmf-dist/tex/latex/tcolorbox/tcbskins.code.tex
Library (tcolorbox): 'tcbskins.code.tex' version '6.9.0'
(/Users/marcusgrude-grodem/Library/texmf/tex/latex/tikzfill/tikzfill.image.sty
Package: tikzfill.image 2026/04/23 v1.2.0 Image filling library for TikZ

(/Users/marcusgrude-grodem/Library/texmf/tex/latex/tikzfill/tikzlibraryfill.ima
ge.code.tex
File: tikzlibraryfill.image.code.tex 2026/04/23 v1.2.0 Image filling library
\l__tikzfill_tmpa_dim=\dimen268
\l__tikzfill_tmpb_dim=\dimen269
\l__tikzfill_img_box=\box76
))
(/usr/local/texlive/2026basic/texmf-dist/tex/latex/tcolorbox/tcbskinsjigsaw.cod
e.tex
Library (tcolorbox): 'tcbskinsjigsaw.code.tex' version '6.9.0'
))
(/usr/local/texlive/2026basic/texmf-dist/tex/latex/tcolorbox/tcbbreakable.code.
tex
Library (tcolorbox): 'tcbbreakable.code.tex' version '6.9.0'
(/Users/marcusgrude-grodem/Library/texmf/tex/latex/pdfcol/pdfcol.sty
Package: pdfcol 2022-09-21 v1.7 Handle new color stacks for pdfTeX (HO)

(/usr/local/texlive/2026basic/texmf-dist/tex/generic/infwarerr/infwarerr.sty
Package: infwarerr 2019/12/03 v1.5 Providing info/warning/error messages (HO)
))
Package pdfcol Info: New color stack `tcb@breakable' = 1 on input line 23.
\tcb@testbox=\box77
\tcb@totalupperbox=\box78
\tcb@totallowerbox=\box79
) (/usr/local/texlive/2026basic/texmf-dist/tex/latex/tcolorbox/tcbhooks.code.te
x
Library (tcolorbox): 'tcbhooks.code.tex' version '6.9.0'
)
(/usr/local/texlive/2026basic/texmf-dist/tex/latex/tcolorbox/tcbtheorems.code.t
ex
Library (tcolorbox): 'tcbtheorems.code.tex' version '6.9.0'
(/usr/local/texlive/2026basic/texmf-dist/tex/latex/amsmath/amsmath.sty
Package: amsmath 2025/07/09 v2.17z AMS math features
\@mathmargin=\skip52

For additional information on amsmath, use the `?' option.
(/usr/local/texlive/2026basic/texmf-dist/tex/latex/amsmath/amstext.sty
Package: amstext 2024/11/17 v2.01 AMS text

(/usr/local/texlive/2026basic/texmf-dist/tex/latex/amsmath/amsgen.sty
File: amsgen.sty 1999/11/30 v2.0 generic functions
\@emptytoks=\toks39
\ex@=\dimen270
))
(/usr/local/texlive/2026basic/texmf-dist/tex/latex/amsmath/amsbsy.sty
Package: amsbsy 1999/11/29 v1.2d Bold Symbols
\pmbraise@=\dimen271
)
(/usr/local/texlive/2026basic/texmf-dist/tex/latex/amsmath/amsopn.sty
Package: amsopn 2022/04/08 v2.04 operator names
)
\inf@bad=\count320
LaTeX Info: Redefining \frac on input line 233.
\uproot@=\count321
\leftroot@=\count322
LaTeX Info: Redefining \overline on input line 398.
LaTeX Info: Redefining \colon on input line 409.
\classnum@=\count323
\DOTSCASE@=\count324
LaTeX Info: Redefining \ldots on input line 495.
LaTeX Info: Redefining \dots on input line 498.
LaTeX Info: Redefining \cdots on input line 619.
\Mathstrutbox@=\box80
\strutbox@=\box81
LaTeX Info: Redefining \big on input line 721.
LaTeX Info: Redefining \Big on input line 722.
LaTeX Info: Redefining \bigg on input line 723.
LaTeX Info: Redefining \Bigg on input line 724.
\big@size=\dimen272
LaTeX Font Info:    Redeclaring font encoding OML on input line 742.
LaTeX Font Info:    Redeclaring font encoding OMS on input line 743.
\macc@depth=\count325
LaTeX Info: Redefining \bmod on input line 904.
LaTeX Info: Redefining \pmod on input line 909.
LaTeX Info: Redefining \smash on input line 939.
LaTeX Info: Redefining \relbar on input line 969.
LaTeX Info: Redefining \Relbar on input line 970.
\c@MaxMatrixCols=\count326
\dotsspace@=\muskip17
\c@parentequation=\count327
\dspbrk@lvl=\count328
\tag@help=\toks40
\row@=\count329
\column@=\count330
\maxfields@=\count331
\andhelp@=\toks41
\eqnshift@=\dimen273
\alignsep@=\dimen274
\tagshift@=\dimen275
\tagwidth@=\dimen276
\totwidth@=\dimen277
\lineht@=\dimen278
\@envbody=\toks42
\multlinegap=\skip53
\multlinetaggap=\skip54
\mathdisplay@stack=\toks43
LaTeX Info: Redefining \[ on input line 2950.
LaTeX Info: Redefining \] on input line 2951.
))
(/usr/local/texlive/2026basic/texmf-dist/tex/latex/tcolorbox/tcbfitting.code.te
x
Library (tcolorbox): 'tcbfitting.code.tex' version '6.9.0'
\tcbfitdim=\dimen279
\tcb@lowerfitdim=\dimen280
\tcb@upperfitdim=\dimen281
\tcb@cur@hbadness=\count332
)
(/usr/local/texlive/2026basic/texmf-dist/tex/latex/tcolorbox/tcblistingsutf8.co
de.tex
Library (tcolorbox): 'tcblistingsutf8.code.tex' version '6.9.0'

(/usr/local/texlive/2026basic/texmf-dist/tex/latex/tcolorbox/tcblistings.code.t
ex
Library (tcolorbox): 'tcblistings.code.tex' version '6.9.0'
(/usr/local/texlive/2026basic/texmf-dist/tex/latex/listings/listings.sty
\lst@mode=\count333
\lst@gtempboxa=\box82
\lst@token=\toks44
\lst@length=\count334
\lst@currlwidth=\dimen282
\lst@column=\count335
\lst@pos=\count336
\lst@lostspace=\dimen283
\lst@width=\dimen284
\lst@newlines=\count337
\lst@lineno=\count338
\lst@maxwidth=\dimen285

(/usr/local/texlive/2026basic/texmf-dist/tex/latex/listings/lstpatch.sty
File: lstpatch.sty 2025/11/14 1.11b (Carsten Heinz)
)
(/usr/local/texlive/2026basic/texmf-dist/tex/latex/listings/lstmisc.sty
File: lstmisc.sty 2025/11/14 1.11b (Carsten Heinz)
\c@lstnumber=\count339
\lst@skipnumbers=\count340
\lst@framebox=\box83
)
(/usr/local/texlive/2026basic/texmf-dist/tex/latex/listings/listings.cfg
File: listings.cfg 2025/11/14 1.11b listings configuration
))
Package: listings 2025/11/14 1.11b (Carsten Heinz)

==> First Aid for listings.sty no longer applied!
    Expected:
        2024/09/23 1.10c (Carsten Heinz)
    but found:
        2025/11/14 1.11b (Carsten Heinz)
    so I'm assuming it got fixed.

(/usr/local/texlive/2026basic/texmf-dist/tex/latex/tcolorbox/tcblistingscore.co
de.tex
Library (tcolorbox): 'tcblistingscore.code.tex' version '6.9.0'

(/usr/local/texlive/2026basic/texmf-dist/tex/latex/tcolorbox/tcbprocessing.code
.tex
Library (tcolorbox): 'tcbprocessing.code.tex' version '6.9.0'
)
\c@tcblisting=\count341
))
(/Users/marcusgrude-grodem/Library/texmf/tex/latex/listingsutf8/listingsutf8.st
y
Package: listingsutf8 2019-12-10 v1.5 Allow UTF-8 in listings input (HO)

(/usr/local/texlive/2026basic/texmf-dist/tex/generic/pdftexcmds/pdftexcmds.sty
Package: pdftexcmds 2020-06-27 v0.33 Utility functions of pdfTeX for LuaTeX (HO
)
Package pdftexcmds Info: \pdf@primitive is available.
Package pdftexcmds Info: \pdf@ifprimitive is available.
Package pdftexcmds Info: \pdfdraftmode found.
) (/usr/local/texlive/2026basic/texmf-dist/tex/generic/stringenc/stringenc.sty
Package: stringenc 2019/11/29 v1.12 Convert strings between diff. encodings (HO
)

(/usr/local/texlive/2026basic/texmf-dist/tex/generic/pdfescape/pdfescape.sty
Package: pdfescape 2019/12/09 v1.15 Implements pdfTeX's escape features (HO)
))))
(/usr/local/texlive/2026basic/texmf-dist/tex/latex/tcolorbox/tcbexternal.code.t
ex
Library (tcolorbox): 'tcbexternal.code.tex' version '6.9.0'
)
(/usr/local/texlive/2026basic/texmf-dist/tex/latex/tcolorbox/tcbmagazine.code.t
ex
Library (tcolorbox): 'tcbmagazine.code.tex' version '6.9.0'
)
(/usr/local/texlive/2026basic/texmf-dist/tex/latex/tcolorbox/tcbvignette.code.t
ex
Library (tcolorbox): 'tcbvignette.code.tex' version '6.9.0'

(/usr/local/texlive/2026basic/texmf-dist/tex/generic/pgf/frontendlayer/tikz/lib
raries/tikzlibraryfadings.code.tex
File: tikzlibraryfadings.code.tex 2025-08-29 v3.1.11a (3.1.11a)

(/usr/local/texlive/2026basic/texmf-dist/tex/generic/pgf/libraries/pgflibraryfa
dings.code.tex
File: pgflibraryfadings.code.tex 2025-08-29 v3.1.11a (3.1.11a)
)))
(/usr/local/texlive/2026basic/texmf-dist/tex/latex/tcolorbox/tcbposter.code.tex
Library (tcolorbox): 'tcbposter.code.tex' version '6.9.0'
)) (/usr/local/texlive/2026basic/texmf-dist/tex/latex/hyperref/hyperref.sty
Package: hyperref 2026-01-29 v7.01p Hypertext links for LaTeX

(/usr/local/texlive/2026basic/texmf-dist/tex/generic/kvdefinekeys/kvdefinekeys.
sty
Package: kvdefinekeys 2019-12-19 v1.6 Define keys (HO)
) (/usr/local/texlive/2026basic/texmf-dist/tex/latex/hycolor/hycolor.sty
Package: hycolor 2020-01-27 v1.10 Color options for hyperref/bookmark (HO)
)
(/usr/local/texlive/2026basic/texmf-dist/tex/latex/hyperref/nameref.sty
Package: nameref 2026-01-29 v2.58 Cross-referencing by name of section

(/usr/local/texlive/2026basic/texmf-dist/tex/latex/refcount/refcount.sty
Package: refcount 2019/12/15 v3.6 Data extraction from label references (HO)
)
(/usr/local/texlive/2026basic/texmf-dist/tex/generic/gettitlestring/gettitlestr
ing.sty
Package: gettitlestring 2019/12/15 v1.6 Cleanup title references (HO)
)
\c@section@level=\count342
)
\@linkdim=\dimen286
\Hy@linkcounter=\count343
\Hy@pagecounter=\count344

(/usr/local/texlive/2026basic/texmf-dist/tex/latex/hyperref/pd1enc.def
File: pd1enc.def 2026-01-29 v7.01p Hyperref: PDFDocEncoding definition (HO)
Now handling font encoding PD1 ...
... no UTF-8 mapping file for font encoding PD1
)
(/usr/local/texlive/2026basic/texmf-dist/tex/generic/intcalc/intcalc.sty
Package: intcalc 2019/12/15 v1.3 Expandable calculations with integers (HO)
)
\Hy@SavedSpaceFactor=\count345

(/usr/local/texlive/2026basic/texmf-dist/tex/latex/hyperref/puenc.def
File: puenc.def 2026-01-29 v7.01p Hyperref: PDF Unicode definition (HO)
Now handling font encoding PU ...
... no UTF-8 mapping file for font encoding PU
)
Package hyperref Info: Hyper figures OFF on input line 4201.
Package hyperref Info: Link nesting OFF on input line 4206.
Package hyperref Info: Hyper index ON on input line 4209.
Package hyperref Info: Plain pages OFF on input line 4216.
Package hyperref Info: Backreferencing OFF on input line 4221.
Package hyperref Info: Implicit mode ON; LaTeX internals redefined.
Package hyperref Info: Bookmarks ON on input line 4468.
\c@Hy@tempcnt=\count346

(/usr/local/texlive/2026basic/texmf-dist/tex/latex/url/url.sty
\Urlmuskip=\muskip18
Package: url 2013/09/16  ver 3.4  Verb mode for urls, etc.
)
LaTeX Info: Redefining \url on input line 4807.
\XeTeXLinkMargin=\dimen287

(/usr/local/texlive/2026basic/texmf-dist/tex/generic/bitset/bitset.sty
Package: bitset 2019/12/09 v1.3 Handle bit-vector datatype (HO)

(/usr/local/texlive/2026basic/texmf-dist/tex/generic/bigintcalc/bigintcalc.sty
Package: bigintcalc 2019/12/15 v1.5 Expandable calculations on big integers (HO
)
))
\Fld@menulength=\count347
\Field@Width=\dimen288
\Fld@charsize=\dimen289
Package hyperref Info: Hyper figures OFF on input line 6084.
Package hyperref Info: Link nesting OFF on input line 6089.
Package hyperref Info: Hyper index ON on input line 6092.
Package hyperref Info: backreferencing OFF on input line 6099.
Package hyperref Info: Link coloring OFF on input line 6104.
Package hyperref Info: Link coloring with OCG OFF on input line 6109.
Package hyperref Info: PDF/A mode OFF on input line 6114.
\Hy@abspage=\count348
\c@Item=\count349
\c@Hfootnote=\count350
)
Package hyperref Info: Driver (autodetected): hpdftex.
 (/usr/local/texlive/2026basic/texmf-dist/tex/latex/hyperref/hpdftex.def
File: hpdftex.def 2026-01-29 v7.01p Hyperref driver for pdfTeX
\Fld@listcount=\count351
\c@bookmark@seq@number=\count352

(/usr/local/texlive/2026basic/texmf-dist/tex/latex/rerunfilecheck/rerunfilechec
k.sty
Package: rerunfilecheck 2025-06-21 v1.11 Rerun checks for auxiliary files (HO)

(/usr/local/texlive/2026basic/texmf-dist/tex/generic/uniquecounter/uniquecounte
r.sty
Package: uniquecounter 2019/12/15 v1.4 Provide unlimited unique counter (HO)
)
Package uniquecounter Info: New unique counter `rerunfilecheck' on input line 2
84.
)
\Hy@SectionHShift=\skip55
)
(/usr/local/texlive/2026basic/texmf-dist/tex/latex/titlesec/titlesec.sty
Package: titlesec 2025/01/04 v2.17 Sectioning titles
\ttl@box=\box84
\beforetitleunit=\skip56
\aftertitleunit=\skip57
\ttl@plus=\dimen290
\ttl@minus=\dimen291
\ttl@toksa=\toks45
\titlewidth=\dimen292
\titlewidthlast=\dimen293
\titlewidthfirst=\dimen294
)
(/usr/local/texlive/2026basic/texmf-dist/tex/latex/microtype/microtype.sty
Package: microtype 2026/03/01 v3.2d Micro-typographical refinements (RS)
\MT@toks=\toks46
\MT@tempbox=\box85
\MT@count=\count353
LaTeX Info: Redefining \noprotrusionifhmode on input line 1084.
LaTeX Info: Redefining \leftprotrusion on input line 1085.
\MT@prot@toks=\toks47
LaTeX Info: Redefining \rightprotrusion on input line 1104.
LaTeX Info: Redefining \textls on input line 1449.
\MT@outer@kern=\dimen295
LaTeX Info: Redefining \microtypecontext on input line 2053.
LaTeX Info: Redefining \textmicrotypecontext on input line 2070.
\MT@listname@count=\count354

(/usr/local/texlive/2026basic/texmf-dist/tex/latex/microtype/microtype-pdftex.d
ef
File: microtype-pdftex.def 2026/03/01 v3.2d Definitions specific to pdftex (RS)

LaTeX Info: Redefining \lsstyle on input line 944.
LaTeX Info: Redefining \lslig on input line 944.
\MT@outer@space=\skip58
)
Package microtype Info: Loading configuration file microtype.cfg.
 (/usr/local/texlive/2026basic/texmf-dist/tex/latex/microtype/microtype.cfg
File: microtype.cfg 2026/03/01 v3.2d microtype main configuration file (RS)
)
LaTeX Info: Redefining \microtypesetup on input line 3065.
)
Package hyperref Info: Option `colorlinks' set `true' on input line 81.
LaTeX Font Info:    Trying to load font information for T1+lmr on input line 88
.
 (/usr/local/texlive/2026basic/texmf-dist/tex/latex/lm/t1lmr.fd
File: t1lmr.fd 2015/05/01 v1.6.1 Font defs for Latin Modern
)
(/usr/local/texlive/2026basic/texmf-dist/tex/latex/l3backend/l3backend-pdftex.d
ef
File: l3backend-pdftex.def 2025-10-09 L3 backend support: PDF output (pdfTeX)
\l__color_backend_stack_int=\count355
) (./main.aux
Package babel Info: 'norsk' activates 'norsk' shorthands.
(babel)             Reported on input line 8.
)
\openout1 = `main.aux'.

LaTeX Font Info:    Checking defaults for OML/cmm/m/it on input line 88.
LaTeX Font Info:    ... okay on input line 88.
LaTeX Font Info:    Checking defaults for OMS/cmsy/m/n on input line 88.
LaTeX Font Info:    ... okay on input line 88.
LaTeX Font Info:    Checking defaults for OT1/cmr/m/n on input line 88.
LaTeX Font Info:    ... okay on input line 88.
LaTeX Font Info:    Checking defaults for T1/cmr/m/n on input line 88.
LaTeX Font Info:    ... okay on input line 88.
LaTeX Font Info:    Checking defaults for TS1/cmr/m/n on input line 88.
LaTeX Font Info:    ... okay on input line 88.
LaTeX Font Info:    Checking defaults for OMX/cmex/m/n on input line 88.
LaTeX Font Info:    ... okay on input line 88.
LaTeX Font Info:    Checking defaults for U/cmr/m/n on input line 88.
LaTeX Font Info:    ... okay on input line 88.
LaTeX Font Info:    Checking defaults for PD1/pdf/m/n on input line 88.
LaTeX Font Info:    ... okay on input line 88.
LaTeX Font Info:    Checking defaults for PU/pdf/m/n on input line 88.
LaTeX Font Info:    ... okay on input line 88.

*geometry* driver: auto-detecting
*geometry* detected driver: pdftex
*geometry* verbose mode - [ preamble ] result:
* driver: pdftex
* paper: a4paper
* layout: <same size as paper>
* layoutoffset:(h,v)=(0.0pt,0.0pt)
* modes: 
* h-part:(L,W,R)=(68.28644pt, 460.935pt, 68.28644pt)
* v-part:(T,H,B)=(68.28644pt, 708.47397pt, 68.28644pt)
* \paperwidth=597.50787pt
* \paperheight=845.04684pt
* \textwidth=460.935pt
* \textheight=708.47397pt
* \oddsidemargin=-3.98355pt
* \evensidemargin=-3.98355pt
* \topmargin=-40.98355pt
* \headheight=12.0pt
* \headsep=25.0pt
* \topskip=11.0pt
* \footskip=30.0pt
* \marginparwidth=50.0pt
* \marginparsep=10.0pt
* \columnsep=10.0pt
* \skip\footins=10.0pt plus 4.0pt minus 2.0pt
* \hoffset=0.0pt
* \voffset=0.0pt
* \mag=1000
* \@twocolumnfalse
* \@twosidefalse
* \@mparswitchfalse
* \@reversemarginfalse
* (1in=72.27pt=25.4mm, 1cm=28.453pt)

(/usr/local/texlive/2026basic/texmf-dist/tex/context/base/mkii/supp-pdf.mkii
[Loading MPS to PDF converter (version 2006.09.02).]
\scratchcounter=\count356
\scratchdimen=\dimen296
\scratchbox=\box86
\nofMPsegments=\count357
\nofMParguments=\count358
\everyMPshowfont=\toks48
\MPscratchCnt=\count359
\MPscratchDim=\dimen297
\MPnumerator=\count360
\makeMPintoPDFobject=\count361
\everyMPtoPDFconversion=\toks49
)
(/usr/local/texlive/2026basic/texmf-dist/tex/latex/epstopdf-pkg/epstopdf-base.s
ty
Package: epstopdf-base 2020-01-24 v2.11 Base part for package epstopdf
Package epstopdf-base Info: Redefining graphics rule for `.eps' on input line 4
85.

(/usr/local/texlive/2026basic/texmf-dist/tex/latex/latexconfig/epstopdf-sys.cfg
File: epstopdf-sys.cfg 2010/07/13 v1.3 Configuration of (r)epstopdf for TeX Liv
e
))
\c@lstlisting=\count362
Package hyperref Info: Link coloring ON on input line 88.
 (./main.out) (./main.out)
\@outlinefile=\write4
\openout4 = `main.out'.

LaTeX Info: Redefining \microtypecontext on input line 88.
Package microtype Info: Applying patch `item' on input line 88.
Package microtype Info: Applying patch `toc' on input line 88.
Package microtype Info: Applying patch `eqnum' on input line 88.
Package microtype Info: Applying patch `footnote' on input line 88.
Package microtype Info: Applying patch `verbatim' on input line 88.
LaTeX Info: Redefining \microtypesetup on input line 88.
Package microtype Info: Generating PDF output.
Package microtype Info: Character protrusion enabled (level 2).
Package microtype Info: Using default protrusion set `alltext'.
Package microtype Info: Automatic font expansion enabled (level 2),
(microtype)             stretch: 20, shrink: 20, step: 1, non-selected.
Package microtype Info: Using default expansion set `alltext-nott'.
Package microtype Info: Patching command `\showhyphens'.
Package microtype Info: No adjustment of tracking.
Package microtype Info: No adjustment of interword spacing.
Package microtype Info: No adjustment of character kerning.

(/usr/local/texlive/2026basic/texmf-dist/tex/latex/microtype/mt-cmr.cfg
File: mt-cmr.cfg 2013/05/19 v2.2 microtype config. file: Computer Modern Roman 
(RS)
)
[1

{/usr/local/texlive/2026basic/texmf-var/fonts/map/pdftex/updmap/pdftex.map}{/us
r/local/texlive/2026basic/texmf-dist/fonts/enc/dvips/lm/lm-ec.enc}]
(./main.toc
LaTeX Font Info:    Trying to load font information for OT1+lmr on input line 3
.
 (/usr/local/texlive/2026basic/texmf-dist/tex/latex/lm/ot1lmr.fd
File: ot1lmr.fd 2015/05/01 v1.6.1 Font defs for Latin Modern
)
LaTeX Font Info:    Trying to load font information for OML+lmm on input line 3
.

(/usr/local/texlive/2026basic/texmf-dist/tex/latex/lm/omllmm.fd
File: omllmm.fd 2015/05/01 v1.6.1 Font defs for Latin Modern
)
LaTeX Font Info:    Trying to load font information for OMS+lmsy on input line 
3.

(/usr/local/texlive/2026basic/texmf-dist/tex/latex/lm/omslmsy.fd
File: omslmsy.fd 2015/05/01 v1.6.1 Font defs for Latin Modern
)
LaTeX Font Info:    Trying to load font information for OMX+lmex on input line 
3.

(/usr/local/texlive/2026basic/texmf-dist/tex/latex/lm/omxlmex.fd
File: omxlmex.fd 2015/05/01 v1.6.1 Font defs for Latin Modern
)
LaTeX Font Info:    External font `lmex10' loaded for size
(Font)              <10.95> on input line 3.
LaTeX Font Info:    External font `lmex10' loaded for size
(Font)              <8> on input line 3.
LaTeX Font Info:    External font `lmex10' loaded for size
(Font)              <6> on input line 3.

pdfTeX warning (ext4): destination with the same identifier (name{page.1}) has 
been already used, duplicate ignored
<to be read again> 
                   \relax 
l.47 ...integrerende eksempel}{43}{subsection.8.3}
                                                  % [1])
\tf@toc=\write5
\openout5 = `main.toc'.

 [2] (./lec01.tex
<figures/lec01-makro-meso-mikro-matrix.png, id=352, 2007.75093pt x 1129.21875pt
>
File: figures/lec01-makro-meso-mikro-matrix.png Graphic file (type png)
<use figures/lec01-makro-meso-mikro-matrix.png>
Package pdftex.def Info: figures/lec01-makro-meso-mikro-matrix.png  used on inp
ut line 14.
(pdftex.def)             Requested size: 391.79755pt x 220.36046pt.
LaTeX Font Info:    Trying to load font information for TS1+lmr on input line 3
5.

(/usr/local/texlive/2026basic/texmf-dist/tex/latex/lm/ts1lmr.fd
File: ts1lmr.fd 2015/05/01 v1.6.1 Font defs for Latin Modern
) [3

{/usr/local/texlive/2026basic/texmf-dist/fonts/enc/dvips/lm/lm-ts1.enc} <./figu
res/lec01-makro-meso-mikro-matrix.png (PNG copy)>]
<figures/lec01-mintzberg-5ps-strategy.png, id=367, 2007.75093pt x 1129.21875pt>

File: figures/lec01-mintzberg-5ps-strategy.png Graphic file (type png)
<use figures/lec01-mintzberg-5ps-strategy.png>
Package pdftex.def Info: figures/lec01-mintzberg-5ps-strategy.png  used on inpu
t line 62.
(pdftex.def)             Requested size: 391.79755pt x 220.36046pt.
<figures/lec01-chen-narrow-vs-broad-digital-strategy.png, id=369, 2007.75093pt 
x 1129.21875pt>
File: figures/lec01-chen-narrow-vs-broad-digital-strategy.png Graphic file (typ
e png)
<use figures/lec01-chen-narrow-vs-broad-digital-strategy.png>
Package pdftex.def Info: figures/lec01-chen-narrow-vs-broad-digital-strategy.pn
g  used on input line 78.
(pdftex.def)             Requested size: 391.79755pt x 220.36046pt.
 [4 <./figures/lec01-mintzberg-5ps-strategy.png (PNG copy)>]
<figures/lec01-it-strategy-in-context.png, id=376, 2007.75093pt x 1129.21875pt>

File: figures/lec01-it-strategy-in-context.png Graphic file (type png)
<use figures/lec01-it-strategy-in-context.png>
Package pdftex.def Info: figures/lec01-it-strategy-in-context.png  used on inpu
t line 96.
(pdftex.def)             Requested size: 345.70125pt x 194.4286pt.
 [5 <./figures/lec01-chen-narrow-vs-broad-digital-strategy.png (PNG copy)> <./f
igures/lec01-it-strategy-in-context.png (PNG copy)>]
[6]) [7] (./lec02.tex
LaTeX Font Info:    Trying to load font information for T1+lmss on input line 4
1.

(/usr/local/texlive/2026basic/texmf-dist/tex/latex/lm/t1lmss.fd
File: t1lmss.fd 2015/05/01 v1.6.1 Font defs for Latin Modern
)
Package microtype Info: Loading generic protrusion settings for font family
(microtype)             `lmss' (encoding: T1).
(microtype)             For optimal results, create family-specific settings.
(microtype)             See the microtype manual for details.
LaTeX Font Info:    Font shape `T1/lmss/m/it' in size <10.95> not available
(Font)              Font shape `T1/lmss/m/sl' tried instead on input line 59.
LaTeX Font Info:    Font shape `T1/lmss/m/it' in size <10> not available
(Font)              Font shape `T1/lmss/m/sl' tried instead on input line 59.
 [8

]
<figures/lec02-porter-five-forces.png, id=421, 2007.75093pt x 1129.21875pt>
File: figures/lec02-porter-five-forces.png Graphic file (type png)
<use figures/lec02-porter-five-forces.png>
Package pdftex.def Info: figures/lec02-porter-five-forces.png  used on input li
ne 88.
(pdftex.def)             Requested size: 391.79755pt x 220.36046pt.
<figures/lec02-industry-life-cycle.png, id=422, 2007.75093pt x 1129.21875pt>
File: figures/lec02-industry-life-cycle.png Graphic file (type png)
<use figures/lec02-industry-life-cycle.png>
Package pdftex.def Info: figures/lec02-industry-life-cycle.png  used on input l
ine 103.
(pdftex.def)             Requested size: 391.79755pt x 220.36046pt.
 [9{/usr/local/texlive/2026basic/texmf-dist/fonts/enc/dvips/lm/lm-mathsy.enc} <
./figures/lec02-porter-five-forces.png (PNG copy)>]
<figures/lec02-vrio-decision-matrix.png, id=433, 2007.75093pt x 1129.21875pt>
File: figures/lec02-vrio-decision-matrix.png Graphic file (type png)
<use figures/lec02-vrio-decision-matrix.png>
Package pdftex.def Info: figures/lec02-vrio-decision-matrix.png  used on input 
line 117.
(pdftex.def)             Requested size: 368.74939pt x 207.38591pt.
 [10 <./figures/lec02-industry-life-cycle.png (PNG copy)> <./figures/lec02-vrio
-decision-matrix.png (PNG copy)>]
<figures/lec02-porter-value-chain.png, id=443, 2007.75093pt x 1129.21875pt>
File: figures/lec02-porter-value-chain.png Graphic file (type png)
<use figures/lec02-porter-value-chain.png>
Package pdftex.def Info: figures/lec02-porter-value-chain.png  used on input li
ne 136.
(pdftex.def)             Requested size: 391.79755pt x 220.36046pt.
<figures/lec02-swot.png, id=445, 2007.75093pt x 1129.21875pt>
File: figures/lec02-swot.png Graphic file (type png)
<use figures/lec02-swot.png>
Package pdftex.def Info: figures/lec02-swot.png  used on input line 148.
(pdftex.def)             Requested size: 253.51564pt x 142.58212pt.

[11 <./figures/lec02-porter-value-chain.png (PNG copy)> <./figures/lec02-swot.p
ng (PNG copy)>]
<figures/lec02-five-building-blocks-digital-transformation.png, id=458, 2007.75
093pt x 1129.21875pt>
File: figures/lec02-five-building-blocks-digital-transformation.png Graphic fil
e (type png)
<use figures/lec02-five-building-blocks-digital-transformation.png>
Package pdftex.def Info: figures/lec02-five-building-blocks-digital-transformat
ion.png  used on input line 172.
(pdftex.def)             Requested size: 391.79755pt x 220.36046pt.
 [12 <./figures/lec02-five-building-blocks-digital-transformation.png (PNG copy
)>]) [13] (./lec03.tex
<figures/lec03-johnson-four-building-blocks.png, id=495, 2007.75093pt x 1129.21
875pt>
File: figures/lec03-johnson-four-building-blocks.png Graphic file (type png)
<use figures/lec03-johnson-four-building-blocks.png>
Package pdftex.def Info: figures/lec03-johnson-four-building-blocks.png  used o
n input line 34.
(pdftex.def)             Requested size: 391.79755pt x 220.36046pt.
 [14

 <./figures/lec03-johnson-four-building-blocks.png (PNG copy)>]
<figures/lec03-adjustment-vs-reinvention-curve.png, id=501, 2007.75093pt x 1129
.21875pt>
File: figures/lec03-adjustment-vs-reinvention-curve.png Graphic file (type png)

<use figures/lec03-adjustment-vs-reinvention-curve.png>
Package pdftex.def Info: figures/lec03-adjustment-vs-reinvention-curve.png  use
d on input line 53.
(pdftex.def)             Requested size: 391.79755pt x 220.36046pt.
<figures/lec03-weill-woerner-digital-business-model-framework.png, id=508, 2007
.75093pt x 1129.21875pt>
File: figures/lec03-weill-woerner-digital-business-model-framework.png Graphic 
file (type png)
<use figures/lec03-weill-woerner-digital-business-model-framework.png>
Package pdftex.def Info: figures/lec03-weill-woerner-digital-business-model-fra
mework.png  used on input line 85.
(pdftex.def)             Requested size: 414.83868pt x 233.31776pt.
 [15 <./figures/lec03-adjustment-vs-reinvention-curve.png (PNG copy)>]
<figures/lec03-business-model-canvas.png, id=523, 2007.75093pt x 1129.21875pt>
File: figures/lec03-business-model-canvas.png Graphic file (type png)
<use figures/lec03-business-model-canvas.png>
Package pdftex.def Info: figures/lec03-business-model-canvas.png  used on input
 line 107.
(pdftex.def)             Requested size: 414.83868pt x 233.31776pt.
 [16 <./figures/lec03-weill-woerner-digital-business-model-framework.png (PNG c
opy)>]
<figures/lec03-business-model-canvas-airbnb.png, id=529, 2007.75093pt x 1129.21
875pt>
File: figures/lec03-business-model-canvas-airbnb.png Graphic file (type png)
<use figures/lec03-business-model-canvas-airbnb.png>
Package pdftex.def Info: figures/lec03-business-model-canvas-airbnb.png  used o
n input line 117.
(pdftex.def)             Requested size: 414.83868pt x 233.31776pt.
 [17 <./figures/lec03-business-model-canvas.png (PNG copy)> <./figures/lec03-bu
siness-model-canvas-airbnb.png (PNG copy)>] [18{/usr/local/texlive/2026basic/te
xmf-dist/fonts/enc/dvips/lm/lm-rm.enc}]) [19]
(./lec04.tex
<figures/lec04-digital-transformation-vs-it-enabled.png, id=568, 2007.75093pt x
 1129.21875pt>
File: figures/lec04-digital-transformation-vs-it-enabled.png Graphic file (type
 png)
<use figures/lec04-digital-transformation-vs-it-enabled.png>
Package pdftex.def Info: figures/lec04-digital-transformation-vs-it-enabled.png
  used on input line 35.
(pdftex.def)             Requested size: 414.83868pt x 233.31776pt.
 [20

 <./figures/lec04-digital-transformation-vs-it-enabled.png (PNG copy)>]
<figures/lec04-wessel-transformation-full-model.png, id=580, 2007.75093pt x 112
9.21875pt>
File: figures/lec04-wessel-transformation-full-model.png Graphic file (type png
)
<use figures/lec04-wessel-transformation-full-model.png>
Package pdftex.def Info: figures/lec04-wessel-transformation-full-model.png  us
ed on input line 58.
(pdftex.def)             Requested size: 437.88684pt x 246.27509pt.
 [21 <./figures/lec04-wessel-transformation-full-model.png (PNG copy)>]
<figures/lec04-kemp-situating-ai-grounding-bounding-recasting.png, id=592, 2007
.75093pt x 1129.21875pt>
File: figures/lec04-kemp-situating-ai-grounding-bounding-recasting.png Graphic 
file (type png)
<use figures/lec04-kemp-situating-ai-grounding-bounding-recasting.png>
Package pdftex.def Info: figures/lec04-kemp-situating-ai-grounding-bounding-rec
asting.png  used on input line 100.
(pdftex.def)             Requested size: 391.79755pt x 220.36046pt.
<figures/lec04-kemp-situated-ai-table.png, id=593, 2007.75093pt x 1129.21875pt>

File: figures/lec04-kemp-situated-ai-table.png Graphic file (type png)
<use figures/lec04-kemp-situated-ai-table.png>
Package pdftex.def Info: figures/lec04-kemp-situated-ai-table.png  used on inpu
t line 107.
(pdftex.def)             Requested size: 437.88684pt x 246.27509pt.
[22 <./figures/lec04-kemp-situating-ai-grounding-bounding-recasting.png (PNG co
py)> <./figures/lec04-kemp-situated-ai-table.png (PNG copy)>] [23]) [24]
(./lec05.tex [25

]
<figures/lec05-innovation-typologies.png, id=635, 2007.75093pt x 1129.21875pt>
File: figures/lec05-innovation-typologies.png Graphic file (type png)
<use figures/lec05-innovation-typologies.png>
Package pdftex.def Info: figures/lec05-innovation-typologies.png  used on input
 line 70.
(pdftex.def)             Requested size: 391.79755pt x 220.36046pt.
<figures/lec05-digital-innovation-strategy-framework.png, id=636, 2007.75093pt 
x 1129.21875pt>
File: figures/lec05-digital-innovation-strategy-framework.png Graphic file (typ
e png)
<use figures/lec05-digital-innovation-strategy-framework.png>
Package pdftex.def Info: figures/lec05-digital-innovation-strategy-framework.pn
g  used on input line 85.
(pdftex.def)             Requested size: 391.79755pt x 220.36046pt.
 [26 <./figures/lec05-innovation-typologies.png (PNG copy)>]
<figures/lec05-disruption-eye-model.png, id=645, 2007.75093pt x 1129.21875pt>
File: figures/lec05-disruption-eye-model.png Graphic file (type png)
<use figures/lec05-disruption-eye-model.png>
Package pdftex.def Info: figures/lec05-disruption-eye-model.png  used on input 
line 120.
(pdftex.def)             Requested size: 391.79755pt x 220.36046pt.

[27 <./figures/lec05-digital-innovation-strategy-framework.png (PNG copy)>]
<figures/lec05-digital-innovation-vs-disruption-venn.png, id=654, 2007.75093pt 
x 1129.21875pt>
File: figures/lec05-digital-innovation-vs-disruption-venn.png Graphic file (typ
e png)
<use figures/lec05-digital-innovation-vs-disruption-venn.png>
Package pdftex.def Info: figures/lec05-digital-innovation-vs-disruption-venn.pn
g  used on input line 137.
(pdftex.def)             Requested size: 322.65309pt x 181.47128pt.

[28 <./figures/lec05-disruption-eye-model.png (PNG copy)> <./figures/lec05-digi
tal-innovation-vs-disruption-venn.png (PNG copy)>] [29]) [30] (./lec06.tex
<figures/lec06-uber-network-effects-napkin.png, id=693, 2007.75093pt x 1129.218
75pt>
File: figures/lec06-uber-network-effects-napkin.png Graphic file (type png)
<use figures/lec06-uber-network-effects-napkin.png>
Package pdftex.def Info: figures/lec06-uber-network-effects-napkin.png  used on
 input line 58.
(pdftex.def)             Requested size: 322.65309pt x 181.47128pt.

[31

]
<figures/lec06-axes-of-network-effects.png, id=699, 2007.75093pt x 1129.21875pt
>
File: figures/lec06-axes-of-network-effects.png Graphic file (type png)
<use figures/lec06-axes-of-network-effects.png>
Package pdftex.def Info: figures/lec06-axes-of-network-effects.png  used on inp
ut line 70.
(pdftex.def)             Requested size: 368.74939pt x 207.38591pt.
<figures/lec06-three-dimensional-chess-platform-competition.png, id=700, 2007.7
5093pt x 1129.21875pt>
File: figures/lec06-three-dimensional-chess-platform-competition.png Graphic fi
le (type png)
<use figures/lec06-three-dimensional-chess-platform-competition.png>
Package pdftex.def Info: figures/lec06-three-dimensional-chess-platform-competi
tion.png  used on input line 84.
(pdftex.def)             Requested size: 391.79755pt x 220.36046pt.
 [32 <./figures/lec06-uber-network-effects-napkin.png (PNG copy)> <./figures/le
c06-axes-of-network-effects.png (PNG copy)>]
<figures/lec06-platform-business-model-canvas-compact.png, id=713, 2007.75093pt
 x 1129.21875pt>
File: figures/lec06-platform-business-model-canvas-compact.png Graphic file (ty
pe png)
<use figures/lec06-platform-business-model-canvas-compact.png>
Package pdftex.def Info: figures/lec06-platform-business-model-canvas-compact.p
ng  used on input line 117.
(pdftex.def)             Requested size: 437.88684pt x 246.27509pt.
 [33 <./figures/lec06-three-dimensional-chess-platform-competition.png (PNG cop
y)>]
<figures/lec06-platform-business-model-canvas-details.png, id=719, 2007.75093pt
 x 1129.21875pt>
File: figures/lec06-platform-business-model-canvas-details.png Graphic file (ty
pe png)
<use figures/lec06-platform-business-model-canvas-details.png>
Package pdftex.def Info: figures/lec06-platform-business-model-canvas-details.p
ng  used on input line 123.
(pdftex.def)             Requested size: 437.88684pt x 246.27509pt.
 [34 <./figures/lec06-platform-business-model-canvas-compact.png (PNG copy)> <.
/figures/lec06-platform-business-model-canvas-details.png (PNG copy)>]) [35] (.
/lec07.tex
<figures/lec07-miller-four-success-factors.png, id=759, 2007.75093pt x 1129.218
75pt>
File: figures/lec07-miller-four-success-factors.png Graphic file (type png)
<use figures/lec07-miller-four-success-factors.png>
Package pdftex.def Info: figures/lec07-miller-four-success-factors.png  used on
 input line 43.
(pdftex.def)             Requested size: 368.74939pt x 207.38591pt.
<figures/lec07-miller-five-implementation-factors.png, id=760, 2007.75093pt x 1
129.21875pt>
File: figures/lec07-miller-five-implementation-factors.png Graphic file (type p
ng)
<use figures/lec07-miller-five-implementation-factors.png>
Package pdftex.def Info: figures/lec07-miller-five-implementation-factors.png  
used on input line 50.
(pdftex.def)             Requested size: 368.74939pt x 207.38591pt.
 [36

 <./figures/lec07-miller-four-success-factors.png (PNG copy)>]
<figures/lec07-tawse-tabesh-implementation-framework.png, id=770, 2007.75093pt 
x 1129.21875pt>
File: figures/lec07-tawse-tabesh-implementation-framework.png Graphic file (typ
e png)
<use figures/lec07-tawse-tabesh-implementation-framework.png>
Package pdftex.def Info: figures/lec07-tawse-tabesh-implementation-framework.pn
g  used on input line 70.
(pdftex.def)             Requested size: 437.88684pt x 246.27509pt.
 [37 <./figures/lec07-miller-five-implementation-factors.png (PNG copy)>]
<figures/lec07-kotter-eight-step-leading-change.png, id=779, 2007.75093pt x 112
9.21875pt>
File: figures/lec07-kotter-eight-step-leading-change.png Graphic file (type png
)
<use figures/lec07-kotter-eight-step-leading-change.png>
Package pdftex.def Info: figures/lec07-kotter-eight-step-leading-change.png  us
ed on input line 91.
(pdftex.def)             Requested size: 414.83868pt x 233.31776pt.
 [38 <./figures/lec07-tawse-tabesh-implementation-framework.png (PNG copy)>]
<figures/lec07-schein-culture-model.png, id=793, 2007.75093pt x 1129.21875pt>
File: figures/lec07-schein-culture-model.png Graphic file (type png)
<use figures/lec07-schein-culture-model.png>
Package pdftex.def Info: figures/lec07-schein-culture-model.png  used on input 
line 104.
(pdftex.def)             Requested size: 345.70125pt x 194.4286pt.
 [39 <./figures/lec07-kotter-eight-step-leading-change.png (PNG copy)> <./figur
es/lec07-schein-culture-model.png (PNG copy)>]
Overfull \hbox (1.37663pt too wide) in paragraph at lines 131--136
\T1/lmr/m/n/10.95 (-20) -- mange systemer, mange integrasjoner, lange historisk
e valg som begrenset strategiske handlingsrom.
 []

[40]) [41] (./lec09.tex [42

] [43]) [44] (./project_defense.tex
Underfull \hbox (badness 2799) in paragraph at lines 28--30
\T1/lmr/m/n/10.95 (+20) (Du-us & Cooray 2020);
 []


Underfull \hbox (badness 10000) in paragraph at lines 34--35
[]\T1/lmr/m/n/10.95 (+20) DVC \T1/lmr/m/it/10.95 (+20) re-le-van-ce \T1/lmr/m/n
/10.95 (+20) som
 []


Underfull \hbox (badness 10000) in paragraph at lines 36--36
[]\T1/lmr/m/n/10.95 (+20) 3. Lo-byco & re-
 []


Underfull \hbox (badness 10000) in paragraph at lines 36--36
\T1/lmr/m/n/10.95 (+20) tail media som
 []


Underfull \hbox (badness 10000) in paragraph at lines 38--40
[]\T1/lmr/m/n/10.95 (+20) DBM modular-producer-
 []


Underfull \hbox (badness 10000) in paragraph at lines 38--40
\T1/lmr/m/n/10.95 (+20) /omnichannel-spenning;
 []

[45

] [46] [47] [48] [49]) [50] (./main.aux)
 ***********
LaTeX2e <2025-11-01>
L3 programming layer <2026-01-19>
 ***********
Package rerunfilecheck Info: File `main.out' has not changed.
(rerunfilecheck)             Checksum: 150E11456EEC739063B7497C4D65CBF6;11956.
 ) 
Here is how much of TeX's memory you used:
 31966 strings out of 469006
 644640 string characters out of 5454813
 1104122 words of memory out of 5000000
 59639 multiletter control sequences out of 15000+600000
 724689 words of font info for 221 fonts, out of 8000000 for 9000
 319 hyphenation exceptions out of 8191
 98i,9n,108p,1193b,1351s stack positions out of 10000i,1000n,20000p,200000b,200000s
</usr/local/texlive/2026basic/texmf-dist/fonts/type1/public/lm/lmbx10.pfb></u
sr/local/texlive/2026basic/texmf-dist/fonts/type1/public/lm/lmbx12.pfb></usr/lo
cal/texlive/2026basic/texmf-dist/fonts/type1/public/lm/lmbxi10.pfb></usr/local/
texlive/2026basic/texmf-dist/fonts/type1/public/lm/lmr10.pfb></usr/local/texliv
e/2026basic/texmf-dist/fonts/type1/public/lm/lmr12.pfb></usr/local/texlive/2026
basic/texmf-dist/fonts/type1/public/lm/lmri10.pfb></usr/local/texlive/2026basic
/texmf-dist/fonts/type1/public/lm/lmss9.pfb></usr/local/texlive/2026basic/texmf
-dist/fonts/type1/public/lm/lmssbx10.pfb></usr/local/texlive/2026basic/texmf-di
st/fonts/type1/public/lm/lmsso10.pfb></usr/local/texlive/2026basic/texmf-dist/f
onts/type1/public/lm/lmsy10.pfb>
Output written on main.pdf (51 pages, 21223862 bytes).
PDF statistics:
 1062 PDF objects out of 1200 (max. 8388607)
 920 compressed objects within 10 object streams
 219 named destinations out of 1000 (max. 500000)
 54034 words of extra memory for PDF output out of 61914 (max. 10000000)

