\BOOKMARK [1][-]{section.1}{\376\377\000F\000o\000r\000e\000l\000e\000s\000n\000i\000n\000g\000\040\0001\000:\000\040\000I\000n\000t\000r\000o\000d\000u\000k\000s\000j\000o\000n\000\040\040\023\000\040\000H\000v\000a\000\040\000e\000r\000\040\000s\000t\000r\000a\000t\000e\000g\000i\000?}{}% 1
\BOOKMARK [2][-]{subsection.1.1}{\376\377\000H\000o\000v\000e\000d\000t\000e\000o\000r\000i}{section.1}% 2
\BOOKMARK [2][-]{subsection.1.2}{\376\377\000S\000e\000n\000t\000r\000a\000l\000e\000\040\000f\000a\000g\000b\000e\000g\000r\000e\000p\000e\000r}{section.1}% 3
\BOOKMARK [2][-]{subsection.1.3}{\376\377\000M\000o\000d\000e\000l\000l\000e\000r\000\040\000o\000g\000\040\000r\000a\000m\000m\000e\000v\000e\000r\000k\000\040\040\023\000\040\000b\000r\000u\000k\000s\000v\000e\000i\000l\000e\000d\000n\000i\000n\000g}{section.1}% 4
\BOOKMARK [2][-]{subsection.1.4}{\376\377\000E\000k\000s\000e\000m\000p\000l\000e\000r\000\040\000o\000g\000\040\000c\000a\000s\000e\000r}{section.1}% 5
\BOOKMARK [2][-]{subsection.1.5}{\376\377\000E\000k\000s\000a\000m\000e\000n\000s\000r\000e\000l\000e\000v\000a\000n\000s}{section.1}% 6
\BOOKMARK [1][-]{section.2}{\376\377\000F\000o\000r\000e\000l\000e\000s\000n\000i\000n\000g\000\040\0002\000:\000\040\000S\000t\000r\000a\000t\000e\000g\000i\000s\000k\000\040\000a\000n\000a\000l\000y\000s\000e\000\040\000\050\000d\000e\000l\000\040\000I\000\051\000\040\000o\000g\000\040\000t\000y\000p\000i\000s\000k\000e\000\040\000s\000t\000r\000a\000t\000e\000g\000i\000s\000k\000e\000\040\000v\000i\000r\000k\000e\000m\000i\000d\000l\000e\000r}{}% 7
\BOOKMARK [2][-]{subsection.2.1}{\376\377\000H\000o\000v\000e\000d\000t\000e\000o\000r\000i}{section.2}% 8
\BOOKMARK [2][-]{subsection.2.2}{\376\377\000S\000e\000n\000t\000r\000a\000l\000e\000\040\000f\000a\000g\000b\000e\000g\000r\000e\000p\000e\000r}{section.2}% 9
\BOOKMARK [2][-]{subsection.2.3}{\376\377\000T\000y\000p\000i\000s\000k\000e\000\040\000s\000t\000r\000a\000t\000e\000g\000i\000s\000k\000e\000\040\000v\000i\000r\000k\000e\000m\000i\000d\000l\000e\000r}{section.2}% 10
\BOOKMARK [2][-]{subsection.2.4}{\376\377\000E\000k\000s\000e\000m\000p\000l\000e\000r\000\040\000o\000g\000\040\000c\000a\000s\000e\000r}{section.2}% 11
\BOOKMARK [2][-]{subsection.2.5}{\376\377\000E\000k\000s\000a\000m\000e\000n\000s\000r\000e\000l\000e\000v\000a\000n\000s}{section.2}% 12
\BOOKMARK [1][-]{section.3}{\376\377\000F\000o\000r\000e\000l\000e\000s\000n\000i\000n\000g\000\040\0003\000:\000\040\000D\000i\000g\000i\000t\000a\000l\000e\000\040\000f\000o\000r\000r\000e\000t\000n\000i\000n\000g\000s\000m\000o\000d\000e\000l\000l\000e\000r}{}% 13
\BOOKMARK [2][-]{subsection.3.1}{\376\377\000H\000o\000v\000e\000d\000t\000e\000o\000r\000i}{section.3}% 14
\BOOKMARK [2][-]{subsection.3.2}{\376\377\000S\000e\000n\000t\000r\000a\000l\000e\000\040\000f\000a\000g\000b\000e\000g\000r\000e\000p\000e\000r}{section.3}% 15
\BOOKMARK [2][-]{subsection.3.3}{\376\377\000M\000o\000d\000e\000l\000l\000e\000r\000\040\040\023\000\040\000b\000r\000u\000k\000s\000v\000e\000i\000l\000e\000d\000n\000i\000n\000g}{section.3}% 16
\BOOKMARK [2][-]{subsection.3.4}{\376\377\000E\000k\000s\000e\000m\000p\000l\000e\000r\000\040\000o\000g\000\040\000c\000a\000s\000e\000r}{section.3}% 17
\BOOKMARK [2][-]{subsection.3.5}{\376\377\000E\000k\000s\000a\000m\000e\000n\000s\000r\000e\000l\000e\000v\000a\000n\000s}{section.3}% 18
\BOOKMARK [1][-]{section.4}{\376\377\000F\000o\000r\000e\000l\000e\000s\000n\000i\000n\000g\000\040\0004\000:\000\040\000S\000t\000r\000a\000t\000e\000g\000i\000\040\000o\000g\000\040\000d\000i\000g\000i\000t\000a\000l\000\040\000t\000r\000a\000n\000s\000f\000o\000r\000m\000a\000s\000j\000o\000n}{}% 19
\BOOKMARK [2][-]{subsection.4.1}{\376\377\000H\000o\000v\000e\000d\000t\000e\000o\000r\000i}{section.4}% 20
\BOOKMARK [2][-]{subsection.4.2}{\376\377\000S\000e\000n\000t\000r\000a\000l\000e\000\040\000f\000a\000g\000b\000e\000g\000r\000e\000p\000e\000r}{section.4}% 21
\BOOKMARK [2][-]{subsection.4.3}{\376\377\000D\000i\000a\000g\000n\000o\000s\000t\000i\000s\000k\000\040\000r\000a\000m\000m\000e\000v\000e\000r\000k}{section.4}% 22
\BOOKMARK [2][-]{subsection.4.4}{\376\377\000E\000k\000s\000e\000m\000p\000l\000e\000r\000\040\000o\000g\000\040\000c\000a\000s\000e\000r}{section.4}% 23
\BOOKMARK [2][-]{subsection.4.5}{\376\377\000E\000k\000s\000a\000m\000e\000n\000s\000r\000e\000l\000e\000v\000a\000n\000s}{section.4}% 24
\BOOKMARK [1][-]{section.5}{\376\377\000F\000o\000r\000e\000l\000e\000s\000n\000i\000n\000g\000\040\0005\000:\000\040\000D\000i\000g\000i\000t\000a\000l\000\040\000i\000n\000n\000o\000v\000a\000s\000j\000o\000n\000,\000\040\000d\000i\000s\000r\000u\000p\000s\000j\000o\000n\000\040\000o\000g\000\040\000s\000t\000r\000a\000t\000e\000g\000i\000e\000r}{}% 25
\BOOKMARK [2][-]{subsection.5.1}{\376\377\000H\000o\000v\000e\000d\000t\000e\000o\000r\000i}{section.5}% 26
\BOOKMARK [2][-]{subsection.5.2}{\376\377\000S\000e\000n\000t\000r\000a\000l\000e\000\040\000f\000a\000g\000b\000e\000g\000r\000e\000p\000e\000r}{section.5}% 27
\BOOKMARK [2][-]{subsection.5.3}{\376\377\000D\000i\000a\000g\000n\000o\000s\000t\000i\000s\000k\000e\000\040\000s\000p\000\370\000r\000s\000m\000\345\000l}{section.5}% 28
\BOOKMARK [2][-]{subsection.5.4}{\376\377\000E\000k\000s\000e\000m\000p\000l\000e\000r\000\040\000o\000g\000\040\000c\000a\000s\000e\000r}{section.5}% 29
\BOOKMARK [2][-]{subsection.5.5}{\376\377\000E\000k\000s\000a\000m\000e\000n\000s\000r\000e\000l\000e\000v\000a\000n\000s}{section.5}% 30
\BOOKMARK [1][-]{section.6}{\376\377\000F\000o\000r\000e\000l\000e\000s\000n\000i\000n\000g\000\040\0006\000:\000\040\000D\000i\000g\000i\000t\000a\000l\000e\000\040\000\370\000k\000o\000s\000y\000s\000t\000e\000m\000e\000r\000\040\000o\000g\000\040\000p\000l\000a\000t\000t\000f\000o\000r\000m\000e\000r}{}% 31
\BOOKMARK [2][-]{subsection.6.1}{\376\377\000H\000o\000v\000e\000d\000t\000e\000o\000r\000i}{section.6}% 32
\BOOKMARK [2][-]{subsection.6.2}{\376\377\000S\000e\000n\000t\000r\000a\000l\000e\000\040\000f\000a\000g\000b\000e\000g\000r\000e\000p\000e\000r}{section.6}% 33
\BOOKMARK [2][-]{subsection.6.3}{\376\377\000D\000i\000a\000g\000n\000o\000s\000t\000i\000s\000k\000\040\000r\000a\000m\000m\000e\000v\000e\000r\000k\000\040\000f\000o\000r\000\040\000\370\000k\000o\000s\000y\000s\000t\000e\000m\000s\000t\000r\000a\000t\000e\000g\000i}{section.6}% 34
\BOOKMARK [2][-]{subsection.6.4}{\376\377\000E\000k\000s\000e\000m\000p\000l\000e\000r\000\040\000o\000g\000\040\000c\000a\000s\000e\000r}{section.6}% 35
\BOOKMARK [2][-]{subsection.6.5}{\376\377\000E\000k\000s\000a\000m\000e\000n\000s\000r\000e\000l\000e\000v\000a\000n\000s}{section.6}% 36
\BOOKMARK [1][-]{section.7}{\376\377\000F\000o\000r\000e\000l\000e\000s\000n\000i\000n\000g\000\040\0007\000:\000\040\000I\000m\000p\000l\000e\000m\000e\000n\000t\000e\000r\000i\000n\000g\000\040\000a\000v\000\040\000I\000T\000-\000s\000t\000r\000a\000t\000e\000g\000i\000e\000r}{}% 37
\BOOKMARK [2][-]{subsection.7.1}{\376\377\000H\000o\000v\000e\000d\000t\000e\000o\000r\000i}{section.7}% 38
\BOOKMARK [2][-]{subsection.7.2}{\376\377\000S\000e\000n\000t\000r\000a\000l\000e\000\040\000f\000a\000g\000b\000e\000g\000r\000e\000p\000e\000r}{section.7}% 39
\BOOKMARK [2][-]{subsection.7.3}{\376\377\000I\000m\000p\000l\000e\000m\000e\000n\000t\000e\000r\000i\000n\000g\000s\000d\000i\000s\000i\000p\000l\000i\000n\000:\000\040\000e\000n\000\040\000s\000j\000e\000k\000k\000l\000i\000s\000t\000e}{section.7}% 40
\BOOKMARK [2][-]{subsection.7.4}{\376\377\000E\000k\000s\000e\000m\000p\000l\000e\000r\000\040\000o\000g\000\040\000c\000a\000s\000e\000r}{section.7}% 41
\BOOKMARK [2][-]{subsection.7.5}{\376\377\000E\000k\000s\000a\000m\000e\000n\000s\000r\000e\000l\000e\000v\000a\000n\000s}{section.7}% 42
\BOOKMARK [1][-]{section.8}{\376\377\000F\000o\000r\000e\000l\000e\000s\000n\000i\000n\000g\000\040\0009\000:\000\040\000O\000p\000p\000s\000u\000m\000m\000e\000r\000i\000n\000g\000\040\000o\000g\000\040\000e\000k\000s\000a\000m\000e\000n\000s\000f\000o\000r\000b\000e\000r\000e\000d\000e\000l\000s\000e}{}% 43
\BOOKMARK [2][-]{subsection.8.1}{\376\377\000H\000o\000v\000e\000d\000t\000e\000o\000r\000i\000\040\040\023\000\040\000d\000e\000n\000\040\000i\000n\000t\000e\000g\000r\000a\000t\000i\000v\000e\000\040\000t\000r\000\345\000d\000e\000n}{section.8}% 44
\BOOKMARK [2][-]{subsection.8.2}{\376\377\000S\000e\000n\000t\000r\000a\000l\000e\000\040\000f\000a\000g\000b\000e\000g\000r\000e\000p\000e\000r\000\040\040\023\000\040\000k\000o\000n\000s\000o\000l\000i\000d\000e\000r\000i\000n\000g}{section.8}% 45
\BOOKMARK [2][-]{subsection.8.3}{\376\377\000C\000o\000o\000p\000\040\000s\000o\000m\000\040\000i\000n\000t\000e\000g\000r\000e\000r\000e\000n\000d\000e\000\040\000e\000k\000s\000e\000m\000p\000e\000l}{section.8}% 46
\BOOKMARK [2][-]{subsection.8.4}{\376\377\000E\000k\000s\000a\000m\000e\000n\000s\000t\000i\000p\000s\000\040\000f\000r\000a\000\040\000L\000e\000k\000t\000i\000o\000n\000\040\0009}{section.8}% 47
\BOOKMARK [2][-]{subsection.8.5}{\376\377\000E\000k\000s\000a\000m\000e\000n\000s\000r\000e\000l\000e\000v\000a\000n\000s}{section.8}% 48
\BOOKMARK [0][-]{part*.1}{\376\377\000D\000e\000l\000\040\000I\000I\000\040\040\024\000\040\000P\000r\000o\000s\000j\000e\000k\000t\000f\000o\000r\000s\000v\000a\000r}{}% 49
\BOOKMARK [1][-]{section.9}{\376\377\000P\000r\000o\000s\000j\000e\000k\000t\000f\000o\000r\000s\000v\000a\000r\000:\000\040\000C\000o\000o\000p\000\040\000A\000p\000p\000-\000p\000r\000o\000s\000j\000e\000k\000t\000e\000t\000\040\000i\000\040\000l\000y\000s\000\040\000a\000v\000\040\000p\000e\000n\000s\000u\000m}{part*.1}% 50
\BOOKMARK [2][-]{subsection.9.1}{\376\377\000C\000a\000s\000e\000n\000s\000\040\000k\000o\000n\000t\000e\000k\000s\000t\000\040\040\023\000\040\000h\000v\000o\000r\000f\000o\000r\000\040\000p\000r\000o\000b\000l\000e\000m\000s\000t\000i\000l\000l\000i\000n\000g\000e\000n\000\040\000e\000r\000\040\000r\000e\000e\000l\000l}{section.9}% 51
\BOOKMARK [2][-]{subsection.9.2}{\376\377\000H\000v\000o\000r\000f\000o\000r\000\040\000S\000k\000o\000v\000\040\000J\000\370\000r\000g\000e\000n\000s\000e\000n\000\040\000s\000o\000m\000\040\000r\000\345\000d\000g\000i\000v\000e\000r\000t\000\040\000a\000k\000t\000\370\000r\000?}{section.9}% 52
\BOOKMARK [2][-]{subsection.9.3}{\376\377\000P\000r\000o\000s\000j\000e\000k\000t\000e\000t\000s\000\040\000k\000j\000e\000r\000n\000e\000\040\000i\000\040\000\351\000n\000\040\000s\000e\000t\000n\000i\000n\000g}{section.9}% 53
\BOOKMARK [2][-]{subsection.9.4}{\376\377\000D\000e\000\040\000t\000r\000e\000\040\000a\000n\000b\000e\000f\000a\000l\000i\000n\000g\000e\000n\000e\000\040\000o\000g\000\040\000d\000e\000r\000e\000s\000\040\000t\000e\000o\000r\000i\000a\000n\000k\000e\000r}{section.9}% 54
\BOOKMARK [2][-]{subsection.9.5}{\376\377\000H\000v\000o\000r\000f\000o\000r\000\040\000D\000V\000C\000\040\000+\000\040\000D\000B\000M\000?\000\040\000\050\000f\000o\000r\000s\000v\000a\000r\000\040\000a\000v\000\040\000r\000a\000m\000m\000e\000v\000e\000r\000k\000-\000v\000a\000l\000g\000e\000t\000\051}{section.9}% 55
\BOOKMARK [2][-]{subsection.9.6}{\376\377\000S\000t\000r\000a\000t\000e\000g\000i\000s\000k\000\040\000s\000t\000a\000n\000c\000e\000:\000\040\000\253\000V\000i\000d\000e\000r\000e\000f\000\370\000r\000i\000n\000g\000\040\000m\000e\000d\000\040\000s\000t\000y\000r\000i\000n\000g\000\273}{section.9}% 56
\BOOKMARK [2][-]{subsection.9.7}{\376\377\000A\000n\000b\000e\000f\000a\000l\000i\000n\000g\000\040\0001\000\040\040\023\000\040\000K\000P\000I\000-\000h\000i\000e\000r\000a\000r\000k\000i\000:\000\040\000d\000y\000b\000d\000e\000f\000o\000r\000s\000v\000a\000r}{section.9}% 57
\BOOKMARK [2][-]{subsection.9.8}{\376\377\000A\000n\000b\000e\000f\000a\000l\000i\000n\000g\000\040\0002\000\040\040\023\000\040\000K\000j\000e\000d\000e\000s\000p\000e\000s\000i\000f\000i\000k\000k\000\040\000d\000i\000v\000e\000r\000s\000i\000f\000i\000s\000e\000r\000i\000n\000g\000:\000\040\000d\000y\000b\000d\000e\000f\000o\000r\000s\000v\000a\000r}{section.9}% 58
\BOOKMARK [2][-]{subsection.9.9}{\376\377\000A\000n\000b\000e\000f\000a\000l\000i\000n\000g\000\040\0003\000\040\040\023\000\040\000L\000o\000b\000y\000c\000o\000\040\000\046\000\040\000r\000e\000t\000a\000i\000l\000\040\000m\000e\000d\000i\000a\000\040\000C\000o\000o\000p\000-\000f\000\370\000r\000s\000t\000:\000\040\000d\000y\000b\000d\000e\000f\000o\000r\000s\000v\000a\000r}{section.9}% 59
\BOOKMARK [2][-]{subsection.9.10}{\376\377\000I\000m\000p\000l\000e\000m\000e\000n\000t\000e\000r\000i\000n\000g\000\040\040\023\000\040\000h\000v\000o\000r\000d\000a\000n\000\040\000C\000o\000o\000p\000\040\000t\000e\000o\000r\000e\000t\000i\000s\000k\000\040\000s\000k\000a\000l\000\040\000g\000j\000e\000n\000n\000o\000m\000f\000\370\000r\000e\000\040\000d\000e\000t\000t\000e}{section.9}% 60
\BOOKMARK [2][-]{subsection.9.11}{\376\377\000H\000v\000o\000r\000\040\000r\000e\000s\000t\000e\000n\000\040\000a\000v\000\040\000p\000e\000n\000s\000u\000m\000\040\000s\000t\000y\000r\000k\000e\000r\000\040\000f\000o\000r\000s\000v\000a\000r\000e\000t}{section.9}% 61
\BOOKMARK [2][-]{subsection.9.12}{\376\377\000K\000i\000l\000d\000e\000k\000r\000i\000t\000i\000k\000k\000\040\000o\000g\000\040\000e\000v\000i\000d\000e\000n\000s\000k\000j\000e\000d\000e}{section.9}% 62
\BOOKMARK [2][-]{subsection.9.13}{\376\377\000B\000e\000g\000r\000e\000n\000s\000n\000i\000n\000g\000e\000r\000\040\000v\000e\000d\000\040\000o\000p\000p\000g\000a\000v\000e\000n\000\040\000\050\000v\000\346\000r\000\040\000\345\000p\000e\000n\000\040\000o\000m\000\040\000d\000i\000s\000s\000e\000\051}{section.9}% 63
\BOOKMARK [2][-]{subsection.9.14}{\376\377\000S\000a\000n\000n\000s\000y\000n\000l\000i\000g\000e\000\040\000f\000o\000r\000s\000v\000a\000r\000s\000s\000p\000\370\000r\000s\000m\000\345\000l\000\040\040\023\000\040\000o\000g\000\040\000s\000v\000a\000r}{section.9}% 64
\BOOKMARK [2][-]{subsection.9.15}{\376\377\000S\000t\000r\000u\000k\000t\000u\000r\000e\000n\000\040\000f\000o\000r\000\040\000\345\000\040\000s\000v\000a\000r\000e\000\040\000p\000\345\000\040\000p\000e\000n\000s\000u\000m\000s\000p\000\370\000r\000s\000m\000\345\000l\000\040\000\050\000C\000R\000E\000+\000I\000\051}{section.9}% 65
\BOOKMARK [2][-]{subsection.9.16}{\376\377\000E\000n\000\040\000t\000r\000e\000-\000s\000e\000t\000n\000i\000n\000g\000e\000r\000s\000\040\000\253\000e\000l\000e\000v\000a\000t\000o\000r\000\040\000p\000i\000t\000c\000h\000\273\000\040\000f\000o\000r\000\040\000f\000o\000r\000s\000v\000a\000r\000e\000t}{section.9}% 66
\BOOKMARK [0][-]{part*.2}{\376\377\000D\000e\000l\000\040\000I\000I\000I\000\040\040\024\000\040\000M\000o\000d\000e\000l\000l\000o\000v\000e\000r\000s\000i\000k\000t}{}% 67
\BOOKMARK [1][-]{section.10}{\376\377\000M\000o\000d\000e\000l\000l\000o\000v\000e\000r\000s\000i\000k\000t\000\040\040\024\000\040\000f\000o\000r\000m\000\345\000l\000,\000\040\000f\000o\000r\000k\000l\000a\000r\000i\000n\000g\000\040\000o\000g\000\040\000C\000o\000o\000p\000-\000t\000i\000l\000k\000n\000y\000t\000n\000i\000n\000g}{part*.2}% 68
\BOOKMARK [2][-]{subsection.10.1}{\376\377\000J\000o\000h\000n\000s\000o\000n\000\040\000e\000t\000\040\000a\000l\000.\000\040\040\024\000\040\000C\000u\000l\000t\000u\000r\000a\000l\000\040\000W\000e\000b\000\040\000/\000\040\000P\000a\000r\000a\000d\000i\000g\000m\000e\000-\000m\000o\000d\000e\000l\000l\000e\000n}{section.10}% 69
\BOOKMARK [2][-]{subsection.10.2}{\376\377\000P\000E\000S\000T\000E\000L\000\040\040\024\000\040\000a\000n\000a\000l\000y\000s\000e\000\040\000a\000v\000\040\000m\000a\000k\000r\000o\000m\000i\000l\000j\000\370\000e\000t}{section.10}% 70
\BOOKMARK [2][-]{subsection.10.3}{\376\377\000P\000o\000r\000t\000e\000r\000s\000\040\000F\000i\000v\000e\000\040\000F\000o\000r\000c\000e\000s}{section.10}% 71
\BOOKMARK [2][-]{subsection.10.4}{\376\377\000I\000n\000d\000u\000s\000t\000r\000i\000e\000r\000s\000\040\000l\000i\000v\000s\000s\000y\000k\000l\000u\000s\000\040\000o\000g\000\040\000D\000e\000\040\000F\000e\000m\000\040\000K\000r\000e\000f\000t\000e\000n\000e}{section.10}% 72
\BOOKMARK [2][-]{subsection.10.5}{\376\377\000V\000R\000I\000O\000\040\040\024\000\040\000r\000e\000s\000s\000u\000r\000s\000b\000a\000s\000e\000r\000t\000\040\000a\000n\000a\000l\000y\000s\000e}{section.10}% 73
\BOOKMARK [2][-]{subsection.10.6}{\376\377\000S\000W\000O\000T}{section.10}% 74
\BOOKMARK [2][-]{subsection.10.7}{\376\377\000T\000O\000W\000S\000\040\040\024\000\040\000f\000r\000a\000\040\000a\000n\000a\000l\000y\000s\000e\000\040\000t\000i\000l\000\040\000h\000a\000n\000d\000l\000i\000n\000g}{section.10}% 75
\BOOKMARK [2][-]{subsection.10.8}{\376\377\000V\000e\000r\000d\000i\000k\000j\000e\000d\000e\000\040\000o\000g\000\040\000v\000e\000r\000d\000i\000k\000j\000e\000d\000e\000s\000y\000s\000t\000e\000m\000e\000r\000\040\000\050\000P\000o\000r\000t\000e\000r\000\051}{section.10}% 76
\BOOKMARK [2][-]{subsection.10.9}{\376\377\000F\000i\000v\000e\000\040\000B\000u\000i\000l\000d\000i\000n\000g\000\040\000B\000l\000o\000c\000k\000s\000\040\000o\000f\000\040\000D\000i\000g\000i\000t\000a\000l\000\040\000T\000r\000a\000n\000s\000f\000o\000r\000m\000a\000t\000i\000o\000n\000\040\000\050\000R\000o\000s\000s\000\040\000e\000t\000\040\000a\000l\000.\000\051}{section.10}% 77
\BOOKMARK [2][-]{subsection.10.10}{\376\377\000C\000V\000P\000\040\040\024\000\040\000J\000o\000h\000n\000s\000o\000n\000\040\000e\000t\000\040\000a\000l\000.\000s\000\040\000f\000o\000r\000r\000e\000t\000n\000i\000n\000g\000s\000m\000o\000d\000e\000l\000l\000r\000a\000m\000m\000e}{section.10}% 78
\BOOKMARK [2][-]{subsection.10.11}{\376\377\000B\000u\000s\000i\000n\000e\000s\000s\000\040\000M\000o\000d\000e\000l\000\040\000C\000a\000n\000v\000a\000s\000\040\000\050\000O\000s\000t\000e\000r\000w\000a\000l\000d\000e\000r\000\051}{section.10}% 79
\BOOKMARK [2][-]{subsection.10.12}{\376\377\000W\000e\000i\000l\000l\000\040\000\046\000\040\000W\000o\000e\000r\000n\000e\000r\000\040\000\050\0002\0000\0001\0008\000\051\000\040\040\024\000\040\000D\000i\000g\000i\000t\000a\000l\000\040\000B\000u\000s\000i\000n\000e\000s\000s\000\040\000M\000o\000d\000e\000l\000\040\000F\000r\000a\000m\000e\000w\000o\000r\000k}{section.10}% 80
\BOOKMARK [2][-]{subsection.10.13}{\376\377\000N\000e\000t\000w\000o\000r\000k\000\040\000e\000f\000f\000e\000c\000t\000s\000\040\000\050\000N\000e\000t\000t\000v\000e\000r\000k\000s\000e\000f\000f\000e\000k\000t\000e\000r\000\051}{section.10}% 81
\BOOKMARK [2][-]{subsection.10.14}{\376\377\000A\000l\000l\000w\000e\000i\000n\000\040\000e\000t\000\040\000a\000l\000.\000\040\000\050\0002\0000\0002\0000\000\051\000\040\040\024\000\040\000P\000l\000a\000t\000f\000o\000r\000m\000\040\000B\000u\000s\000i\000n\000e\000s\000s\000\040\000M\000o\000d\000e\000l\000\040\000C\000a\000n\000v\000a\000s}{section.10}% 82
\BOOKMARK [2][-]{subsection.10.15}{\376\377\000L\000u\000b\000i\000n\000s\000k\000i\000\040\000e\000t\000\040\000a\000l\000.\000\040\000\050\0002\0000\0002\0000\000\051\000\040\040\024\000\040\000P\000l\000a\000t\000f\000o\000r\000m\000\040\000B\000u\000s\000i\000n\000e\000s\000s\000\040\000M\000o\000d\000e\000l\000\040\000C\000a\000n\000v\000a\000s}{section.10}% 83
\BOOKMARK [2][-]{subsection.10.16}{\376\377\000D\000a\000v\000i\000s\000\040\000E\000i\000s\000a\000p\000e\000\040\040\024\000\040\000P\000l\000a\000t\000f\000o\000r\000m\000\040\000B\000u\000s\000i\000n\000e\000s\000s\000\040\000M\000o\000d\000e\000l\000\040\000C\000a\000n\000v\000a\000s}{section.10}% 84
\BOOKMARK [2][-]{subsection.10.17}{\376\377\000W\000e\000s\000s\000e\000l\000\040\000e\000t\000\040\000a\000l\000.\000\040\040\024\000\040\000D\000i\000g\000i\000t\000a\000l\000\040\000T\000r\000a\000n\000s\000f\000o\000r\000m\000a\000t\000i\000o\000n\000\040\000v\000s\000\040\000I\000T\000-\000E\000n\000a\000b\000l\000e\000d\000\040\000T\000r\000a\000n\000s\000f\000o\000r\000m\000a\000t\000i\000o\000n}{section.10}% 85
\BOOKMARK [2][-]{subsection.10.18}{\376\377\000\330\000y\000e\000m\000o\000d\000e\000l\000l\000e\000n\000\040\040\024\000\040\000t\000y\000p\000e\000r\000\040\000d\000i\000s\000r\000u\000p\000t\000i\000o\000n}{section.10}% 86
\BOOKMARK [2][-]{subsection.10.19}{\376\377\000D\000i\000s\000r\000u\000p\000t\000i\000o\000n\000-\000m\000o\000d\000e\000l\000l\000e\000n\000\040\000\050\000t\000r\000e\000\040\000s\000i\000r\000k\000l\000e\000r\000\051}{section.10}% 87
\BOOKMARK [2][-]{subsection.10.20}{\376\377\000D\000i\000g\000i\000t\000a\000l\000\040\000I\000n\000n\000o\000v\000a\000t\000i\000o\000n\000\040\000S\000t\000r\000a\000t\000e\000g\000y\000\040\000+\000\040\000t\000r\000e\000\040\000k\000j\000e\000r\000n\000e\000e\000l\000e\000m\000e\000n\000t\000e\000r}{section.10}% 88
\BOOKMARK [2][-]{subsection.10.21}{\376\377\000T\000a\000w\000s\000e\000\040\000\046\000\040\000T\000a\000b\000e\000s\000h\000\040\040\024\000\040\000S\000t\000r\000a\000t\000e\000g\000y\000\040\000I\000m\000p\000l\000e\000m\000e\000n\000t\000a\000t\000i\000o\000n\000\040\000F\000r\000a\000m\000e\000w\000o\000r\000k}{section.10}% 89
\BOOKMARK [0][-]{part*.3}{\376\377\000D\000e\000l\000\040\000I\000V\000\040\040\024\000\040\000O\000r\000d\000b\000a\000n\000k}{}% 90
\BOOKMARK [1][-]{section*.4}{\376\377\000O\000r\000d\000b\000a\000n\000k\000\040\040\024\000\040\000S\000e\000n\000t\000r\000a\000l\000e\000\040\000f\000a\000g\000b\000e\000g\000r\000e\000p\000\040\000o\000g\000\040\000t\000e\000o\000r\000i\000e\000r}{part*.3}% 91
