OK 1/32 https://medlem.coop.dk/foreningen/medlem-medejer/ chars=4447
OK 2/32 https://medlem.coop.dk/ chars=3408
OK 3/32 https://indmeld.coop.dk/ chars=60468
OK 4/32 https://medlem.coop.dk/medlemsfordele chars=11782
OK 5/32 https://medlem.coop.dk/medlemsfordele/personlige-tilbud/ chars=6121
OK 6/32 https://medlem.coop.dk/coop-app/kom-godt-i-gang/ chars=15057
OK 7/32 https://medlem.coop.dk/coop-app/scan-og-betal chars=6546
OK 8/32 https://medlem.coop.dk/spil-og-konkurrencer/ chars=7726
OK 9/32 https://medlem.coop.dk/coop-app/klimaaftryk/ chars=10115
OK 10/32 https://medlem.coop.dk/fordelskonto chars=87552
OK 11/32 https://coop.dk/vores-maerker/ chars=7217
OK 12/32 https://coop.dk/vores-maerker/coop/ chars=9174
OK 13/32 https://coop.dk/vores-maerker/anglamark/ chars=70674
OK 14/32 https://coop.dk/vores-maerker/irma/ chars=3452
OK 15/32 https://kvickly.coop.dk/ chars=49961
OK 16/32 https://superbrugsen.coop.dk/om-superbrugsen/ chars=3395
OK 17/32 https://brugsen.coop.dk/om-brugsen/daglibrugsen-bliver-til-brugsen/ chars=65250
OK 18/32 https://brugsen.coop.dk/aktuelt/lavpris/ chars=9430
OK 19/32 https://365discount.coop.dk/om-365discount/job/karriere/ chars=12583
OK 20/32 https://coop.dk/mad chars=68622
OK 21/32 https://kundeservice.shopping.coop.dk/hc/da/articles/21459967795602-Hvorfor-og-hvorn%C3%A5r-er-Coop-dk-lukket chars=7369
OK 22/32 https://coop.dk/kontakt/pressekontakt/pressemeddelelser/coop-forbedrer-driftsindtjeningen-med-350-millioner-kr/ chars=7816
OK 23/32 https://coop.dk/kontakt/pressekontakt/pressemeddelelser/coops-resultat-for-2024-stoerre-fremgang-end-forventet/ chars=5972
OK 24/32 https://coop.dk/kontakt/pressekontakt/pressemeddelelser/coop-og-brugsforeningernes-driftsresultat-for-2023/ chars=15767
OK 25/32 https://www.lobyco.com/case-studies/coop chars=8413
OK 26/32 https://www.lobyco.com/insights/making-multi-banner-loyalty-simple chars=13436
OK 27/32 https://www.lobyco.com/ chars=17058
OK 28/32 https://www.cooptrading.com/who-we-are/ chars=5112
OK 29/32 https://www.cooptrading.com/our-corporate-responsibility/working-with-suppliers/ chars=9319
OK 30/32 https://ni.dk/ni-news/id/35f0f2a6-7ddc-4fee-bf00-4e127bf759ec/Coops-hjemmelevering-lukker chars=3505
OK 31/32 https://apps.apple.com/dk/app/coop-app/id537614968 chars=12683
OK 32/32 https://play.google.com/store/apps/details?id=dk.coop.members chars=186
